<html>
<body>
<pre>
<h1>µVision Build Log</h1>
<h2>Project:</h2>
D:\180905188\ES LAB\WEEK 2\ESLABWEEK2.uvproj
Project File Date:  02/04/2020

<h2>Output:</h2>
Build target 'Target 1'
assembling prog4SubtractTwo128bitNumbers.s...
linking...
Program Size: Code=96 RO-data=8 RW-data=4 ZI-data=0  
".\ESLABWEEK2.axf" - 0 Error(s), 0 Warning(s).
</pre>
</body>
</html>
_Handler multiply defined (by prog2addtwo128bitnumbers.o and prog1addten32bitnumbers.o).
Not enough information to list image symbols.
Not enough information to list the image map.
Finished: 2 information, 0 warning and 2 error messages.
".\ESLABWEEK2.axf" - 2 Error(s), 0 Warning(s).
Target not created
ror messages.
".\ESLABWEEK2.axf" - 2 Error(s), 0 Warning(s).
Target not created
assembling prog2addTwo128bitNumbers.s...
"prog2addTwo128bitNumbers.s" - 0 Error(s), 0 Warning(s).
