<html>
<body>
<pre>
<h1>µVision Build Log</h1>
<h2>Project:</h2>
C:\Users\Kaustav\Desktop\MY CODE\All Kaustav Labs Latest\KaustavLABS2 06 Jan 2019\ES LAB\WEEK 2\ESLABWEEK2.uvproj
Project File Date:  01/28/2020

<h2>Output:</h2>
Build target 'Target 1'
linking...
Program Size: Code=96 RO-data=8 RW-data=4 ZI-data=0  
".\ESLABWEEK2.axf" - 0 Error(s), 0 Warning(s).
</pre>
</body>
</html>
r(s), 0 Warning(s).
Size: Code=96 RO-data=8 RW-data=4 ZI-data=0  
".\ESLABWEEK2.axf" - 0 Error(s), 1 Warning(s).
