


ARM Macro Assembler    Page 1 


    1 00000000                 AREA             RESET,DATA,READONLY
    2 00000000                 EXPORT           __Vectors
    3 00000000         __Vectors
    4 00000000 10001000        DCD              0x10001000
    5 00000004 00000000        DCD              Reset_Handler
    6 00000008                 ALIGN
    7 00000008                 AREA             mycode,CODE,READONLY
    8 00000000                 ENTRY
    9 00000000                 EXPORT           Reset_Handler
   10 00000000         Reset_Handler
   11 00000000 4915            LDR              R1,=VAL1
   12 00000002 4A16            LDR              R2,=VAL2
   13 00000004 4B16            LDR              R3,=DST
   14 00000006 F04F 0400       MOV              R4,#0
   15 0000000A F04F 0704       MOV              R7,#4
   16 0000000E 680D            LDR              R5,[R1]
   17 00000010 6816            LDR              R6,[R2]
   18 00000012 192D    UP      ADDS             R5,R4
   19 00000014 F04F 0400       MOV              R4,#0
   20 00000018 F144 0400       ADC              R4,#0
   21 0000001C 19AD            ADDS             R5,R6
   22 0000001E F144 0400       ADC              R4,#0
   23 00000022 F843 5B04       STR              R5,[R3],#4
   24 00000026 F101 0104       ADD              R1,#4
   25 0000002A F102 0204       ADD              R2,#4
   26 0000002E 3F01            SUBS             R7,#1
   27 00000030 D1EF            BNE              UP
   28 00000032 601C            STR              R4,[R3]
   29 00000034         STOP
   30 00000034 E7FE            B                STOP
   31 00000036 00 00           ALIGN
   32 00000038 00000001 
              00000002 
              00000003 
              00000004 VAL1    DCD              1,2,3,4
   33 00000048 00000003 
              00000001 
              00000004 
              00000002 VAL2    DCD              3,1,4,2
   34 00000058 00000000 
              00000000 
              00000000         AREA             mydata,DATA,READWRITE
   35 00000000 00000000 
                       DST     DCD              0
   36 00000004                 END
Command Line: --debug --xref --cpu=Cortex-M3 --apcs=interwork --depend=.\prog2a
ddtwo128bitnumbers.d -o.\prog2addtwo128bitnumbers.o -IC:\Keil\ARM\RV31\INC -IC:
\Keil\ARM\CMSIS\Include -IC:\Keil\ARM\Inc\NXP\LPC17xx --predefine="__EVAL SETA 
1" --list=.\prog2addtwo128bitnumbers.lst prog2addTwo128bitNumbers.s



ARM Macro Assembler    Page 1 Alphabetic symbol ordering
Relocatable symbols

RESET 00000000

Symbol: RESET
   Definitions
      At line 1 in file prog2addTwo128bitNumbers.s
   Uses
      None
Comment: RESET unused
__Vectors 00000000

Symbol: __Vectors
   Definitions
      At line 3 in file prog2addTwo128bitNumbers.s
   Uses
      At line 2 in file prog2addTwo128bitNumbers.s
Comment: __Vectors used once
2 symbols



ARM Macro Assembler    Page 1 Alphabetic symbol ordering
Relocatable symbols

Reset_Handler 00000000

Symbol: Reset_Handler
   Definitions
      At line 10 in file prog2addTwo128bitNumbers.s
   Uses
      At line 5 in file prog2addTwo128bitNumbers.s
      At line 9 in file prog2addTwo128bitNumbers.s

STOP 00000034

Symbol: STOP
   Definitions
      At line 29 in file prog2addTwo128bitNumbers.s
   Uses
      At line 30 in file prog2addTwo128bitNumbers.s
Comment: STOP used once
UP 00000012

Symbol: UP
   Definitions
      At line 18 in file prog2addTwo128bitNumbers.s
   Uses
      At line 27 in file prog2addTwo128bitNumbers.s
Comment: UP used once
VAL1 00000038

Symbol: VAL1
   Definitions
      At line 32 in file prog2addTwo128bitNumbers.s
   Uses
      At line 11 in file prog2addTwo128bitNumbers.s
Comment: VAL1 used once
VAL2 00000048

Symbol: VAL2
   Definitions
      At line 33 in file prog2addTwo128bitNumbers.s
   Uses
      At line 12 in file prog2addTwo128bitNumbers.s
Comment: VAL2 used once
mycode 00000000

Symbol: mycode
   Definitions
      At line 7 in file prog2addTwo128bitNumbers.s
   Uses
      None
Comment: mycode unused
6 symbols



ARM Macro Assembler    Page 1 Alphabetic symbol ordering
Relocatable symbols

DST 00000000

Symbol: DST
   Definitions
      At line 35 in file prog2addTwo128bitNumbers.s
   Uses
      At line 13 in file prog2addTwo128bitNumbers.s
Comment: DST used once
mydata 00000000

Symbol: mydata
   Definitions
      At line 34 in file prog2addTwo128bitNumbers.s
   Uses
      None
Comment: mydata unused
2 symbols
343 symbols in table
