


ARM Macro Assembler    Page 1 


    1 00000000                 AREA             RESET, DATA, READONLY
    2 00000000                 EXPORT           __Vectors
    3 00000000         __Vectors
    4 00000000 40001000        DCD              0X40001000
    5 00000004 00000000        DCD              Reset_Handler
    6 00000008                 ALIGN
    7 00000008                 AREA             mycode, CODE, READONLY
    8 00000000                 ENTRY
    9 00000000                 EXPORT           Reset_Handler
   10 00000000         Reset_Handler
   11 00000000 4805            LDR              R0,=Value1
   12 00000002 6801            LDR              R1,[R0]     ;R1 gets Value1
   13 00000004 4805            LDR              R0,=Value2
   14 00000006 6802            LDR              R2,[R0]     ;R2 gets Value2
   15 00000008 1A8E            SUBS             R6,R1,R2    ;R6 = R1 - R2
   16 0000000A 4B05            LDR              R3,=Result  ;R3 points to Resul
                                                            t 
   17 0000000C 601E            STR              R6,[R3]     ;Store subtraction 
                                                            result from R6 in R
                                                            3(result array)
   18 0000000E         STOP
   19 0000000E E7FE            B                STOP
   20 00000010 00000032 
                       Value1  DCD              50
   21 00000014 00000014 
                       Value2  DCD              20
   22 00000018                 ALIGN
   23 00000018 00000000 
              00000000 
              00000000         AREA             mydata, DATA, READWRITE
   24 00000000 00000000 
                       Result  DCD              0
   25 00000004                 END
Command Line: --debug --xref --cpu=Cortex-M3 --apcs=interwork --depend=.\prog3s
ubtracttwo32bitnumbers.d -o.\prog3subtracttwo32bitnumbers.o -IC:\Keil\ARM\RV31\
INC -IC:\Keil\ARM\CMSIS\Include -IC:\Keil\ARM\Inc\NXP\LPC17xx --predefine="__EV
AL SETA 1" --list=.\prog3subtracttwo32bitnumbers.lst prog3SubtractTwo32bitNumbe
rs.s



ARM Macro Assembler    Page 1 Alphabetic symbol ordering
Relocatable symbols

RESET 00000000

Symbol: RESET
   Definitions
      At line 1 in file prog3SubtractTwo32bitNumbers.s
   Uses
      None
Comment: RESET unused
__Vectors 00000000

Symbol: __Vectors
   Definitions
      At line 3 in file prog3SubtractTwo32bitNumbers.s
   Uses
      At line 2 in file prog3SubtractTwo32bitNumbers.s
Comment: __Vectors used once
2 symbols



ARM Macro Assembler    Page 1 Alphabetic symbol ordering
Relocatable symbols

Reset_Handler 00000000

Symbol: Reset_Handler
   Definitions
      At line 10 in file prog3SubtractTwo32bitNumbers.s
   Uses
      At line 5 in file prog3SubtractTwo32bitNumbers.s
      At line 9 in file prog3SubtractTwo32bitNumbers.s

STOP 0000000E

Symbol: STOP
   Definitions
      At line 18 in file prog3SubtractTwo32bitNumbers.s
   Uses
      At line 19 in file prog3SubtractTwo32bitNumbers.s
Comment: STOP used once
Value1 00000010

Symbol: Value1
   Definitions
      At line 20 in file prog3SubtractTwo32bitNumbers.s
   Uses
      At line 11 in file prog3SubtractTwo32bitNumbers.s
Comment: Value1 used once
Value2 00000014

Symbol: Value2
   Definitions
      At line 21 in file prog3SubtractTwo32bitNumbers.s
   Uses
      At line 13 in file prog3SubtractTwo32bitNumbers.s
Comment: Value2 used once
mycode 00000000

Symbol: mycode
   Definitions
      At line 7 in file prog3SubtractTwo32bitNumbers.s
   Uses
      None
Comment: mycode unused
5 symbols



ARM Macro Assembler    Page 1 Alphabetic symbol ordering
Relocatable symbols

Result 00000000

Symbol: Result
   Definitions
      At line 24 in file prog3SubtractTwo32bitNumbers.s
   Uses
      At line 16 in file prog3SubtractTwo32bitNumbers.s
Comment: Result used once
mydata 00000000

Symbol: mydata
   Definitions
      At line 23 in file prog3SubtractTwo32bitNumbers.s
   Uses
      None
Comment: mydata unused
2 symbols
342 symbols in table
