Project Information                d:\180905206_b1_akshat\week6\mux16to1ab.rpt

MAX+plus II Compiler Report File
Version 10.2 07/10/2002
Compiled: 09/04/2019 10:14:43

Copyright (C) 1988-2002 Altera Corporation
Any megafunction design, and related net list (encrypted or decrypted),
support information, device programming or simulation file, and any other
associated documentation or information provided by Altera or a partner
under Altera's Megafunction Partnership Program may be used only to
program PLD devices (but not masked PLD devices) from Altera.  Any other
use of such megafunction design, net list, support information, device
programming or simulation file, or any other related documentation or
information is prohibited for any other purpose, including, but not
limited to modification, reverse engineering, de-compiling, or use with
any other silicon devices, unless such use is explicitly licensed under
a separate agreement with Altera or a megafunction partner.  Title to
the intellectual property, including patents, copyrights, trademarks,
trade secrets, or maskworks, embodied in any such megafunction design,
net list, support information, device programming or simulation file, or
any other related documentation or information provided by Altera or a
megafunction partner, remains with Altera, the megafunction partner, or
their respective licensors.  No other licenses, including any licenses
needed under any third party's intellectual property, are provided herein.



***** Project compilation was successful




** DEVICE SUMMARY **

Chip/                     Input   Output   Bidir         Shareable
POF       Device          Pins    Pins     Pins     LCs  Expanders  % Utilized

mux16to1ab
      EPM7032LC44-6        20       3        0      3       8           9  %

User Pins:                 20       3        0  



Project Information                d:\180905206_b1_akshat\week6\mux16to1ab.rpt

** FILE HIERARCHY **



|mux8to1:st0|
|mux8to1:st1|
|mux21:st2|


Device-Specific Information:       d:\180905206_b1_akshat\week6\mux16to1ab.rpt
mux16to1ab

***** Logic for device 'mux16to1ab' compiled without errors.




Device: EPM7032LC44-6

Device Options:
    Turbo Bit                                    = ON
    Security Bit                                 = OFF

                                               
                                               
                                               
                                               
                                               
                    w  V  G  G  G  G  G        
              w  w  1  C  N  N  N  N  N  s  s  
              5  4  5  C  D  D  D  D  D  2  3  
            -----------------------------------_ 
          /   6  5  4  3  2  1 44 43 42 41 40   | 
      w6 |  7                                39 | f2 
      w7 |  8                                38 | f1 
      w8 |  9                                37 | w0 
     GND | 10                                36 | w1 
      w9 | 11                                35 | VCC 
     w10 | 12         EPM7032LC44-6          34 | RESERVED 
     w11 | 13                                33 | f0 
     w12 | 14                                32 | RESERVED 
     VCC | 15                                31 | RESERVED 
     w13 | 16                                30 | GND 
     w14 | 17                                29 | RESERVED 
         |_  18 19 20 21 22 23 24 25 26 27 28  _| 
           ------------------------------------ 
              w  w  s  s  G  V  R  R  R  R  R  
              3  2  0  1  N  C  E  E  E  E  E  
                          D  C  S  S  S  S  S  
                                E  E  E  E  E  
                                R  R  R  R  R  
                                V  V  V  V  V  
                                E  E  E  E  E  
                                D  D  D  D  D  


N.C. = No Connect. This pin has no internal connection to the device.
VCC = Dedicated power pin, which MUST be connected to VCC.
GND = Dedicated ground pin or unused dedicated input, which MUST be connected to GND.
RESERVED = Unused I/O pin, which MUST be left unconnected.



Device-Specific Information:       d:\180905206_b1_akshat\week6\mux16to1ab.rpt
mux16to1ab

** RESOURCE USAGE **

                                                Shareable     External
Logic Array Block     Logic Cells   I/O Pins    Expanders   Interconnect

A:     LC1 - LC16     0/16(  0%)  16/16(100%)   0/16(  0%)   0/36(  0%) 
B:    LC17 - LC32     3/16( 18%)   7/16( 43%)  10/16( 62%)  22/36( 61%) 


Total dedicated input pins used:                 0/4      (  0%)
Total I/O pins used:                            23/32     ( 71%)
Total logic cells used:                          3/32     (  9%)
Total shareable expanders used:                  8/32     ( 25%)
Total Turbo logic cells used:                    3/32     (  9%)
Total shareable expanders not available (n/a):   2/32     (  6%)
Average fan-in:                                  8.33
Total fan-in:                                    25

Total input pins required:                      20
Total output pins required:                      3
Total bidirectional pins required:               0
Total logic cells required:                      3
Total flipflops required:                        0
Total product terms required:                   20
Total logic cells lending parallel expanders:    0
Total shareable expanders in database:           8

Synthesized logic cells:                         2/  32   (  6%)



Device-Specific Information:       d:\180905206_b1_akshat\week6\mux16to1ab.rpt
mux16to1ab

** INPUTS **

                                         Shareable
                                         Expanders     Fan-In    Fan-Out
 Pin     LC  LAB  Primitive    Code   Total Shared n/a INP  FBK  OUT  FBK  Name
  20   (15)  (A)      INPUT               0      0   0    0    0    2    0  s0
  21   (16)  (A)      INPUT               0      0   0    0    0    2    0  s1
  41   (17)  (B)      INPUT               0      0   0    0    0    2    0  s2
  40   (18)  (B)      INPUT               0      0   0    0    0    1    0  s3
  37   (21)  (B)      INPUT               0      0   0    0    0    1    0  w0
  36   (22)  (B)      INPUT               0      0   0    0    0    1    0  w1
  19   (14)  (A)      INPUT               0      0   0    0    0    1    0  w2
  18   (13)  (A)      INPUT               0      0   0    0    0    1    0  w3
   5    (2)  (A)      INPUT               0      0   0    0    0    1    0  w4
   6    (3)  (A)      INPUT               0      0   0    0    0    1    0  w5
   7    (4)  (A)      INPUT               0      0   0    0    0    1    0  w6
   8    (5)  (A)      INPUT               0      0   0    0    0    1    0  w7
   9    (6)  (A)      INPUT               0      0   0    0    0    1    0  w8
  11    (7)  (A)      INPUT               0      0   0    0    0    1    0  w9
  12    (8)  (A)      INPUT               0      0   0    0    0    1    0  w10
  13    (9)  (A)      INPUT               0      0   0    0    0    1    0  w11
  14   (10)  (A)      INPUT               0      0   0    0    0    1    0  w12
  16   (11)  (A)      INPUT               0      0   0    0    0    1    0  w13
  17   (12)  (A)      INPUT               0      0   0    0    0    1    0  w14
   4    (1)  (A)      INPUT               0      0   0    0    0    1    0  w15


Code:

s = Synthesized pin or logic cell
t = Turbo logic cell
+ = Synchronous flipflop
! = NOT gate push-back
r = Fitter-inserted logic cell


Device-Specific Information:       d:\180905206_b1_akshat\week6\mux16to1ab.rpt
mux16to1ab

** OUTPUTS **

                                         Shareable
                                         Expanders     Fan-In    Fan-Out
 Pin     LC  LAB  Primitive    Code   Total Shared n/a INP  FBK  OUT  FBK  Name
  33     24    B     OUTPUT    s t        5      0   1   11    0    1    0  f0
  38     20    B     OUTPUT    s t        5      0   1   11    0    1    0  f1
  39     19    B     OUTPUT      t        0      0   0    1    2    0    0  f2


Code:

s = Synthesized pin or logic cell
t = Turbo logic cell
+ = Synchronous flipflop
! = NOT gate push-back
r = Fitter-inserted logic cell


Device-Specific Information:       d:\180905206_b1_akshat\week6\mux16to1ab.rpt
mux16to1ab

** LOGIC CELL INTERCONNECTIONS **

Logic Array Block 'B':

               Logic cells placed in LAB 'B'
        +----- LC24 f0
        | +--- LC20 f1
        | | +- LC19 f2
        | | | 
        | | |   Other LABs fed by signals
        | | |   that feed LAB 'B'
LC      | | | | A B |     Logic cells that feed LAB 'B':
LC24 -> - - * | - * | <-- f0
LC20 -> - - * | - * | <-- f1

Pin
20   -> * * - | - * | <-- s0
21   -> * * - | - * | <-- s1
41   -> * * - | - * | <-- s2
40   -> - - * | - * | <-- s3
37   -> * - - | - * | <-- w0
36   -> * - - | - * | <-- w1
19   -> * - - | - * | <-- w2
18   -> * - - | - * | <-- w3
5    -> * - - | - * | <-- w4
6    -> * - - | - * | <-- w5
7    -> * - - | - * | <-- w6
8    -> * - - | - * | <-- w7
9    -> - * - | - * | <-- w8
11   -> - * - | - * | <-- w9
12   -> - * - | - * | <-- w10
13   -> - * - | - * | <-- w11
14   -> - * - | - * | <-- w12
16   -> - * - | - * | <-- w13
17   -> - * - | - * | <-- w14
4    -> - * - | - * | <-- w15


* = The logic cell or pin is an input to the logic cell (or LAB) through the PIA.
- = The logic cell or pin is not an input to the logic cell (or LAB).


Device-Specific Information:       d:\180905206_b1_akshat\week6\mux16to1ab.rpt
mux16to1ab

** EQUATIONS **

s0       : INPUT;
s1       : INPUT;
s2       : INPUT;
s3       : INPUT;
w0       : INPUT;
w1       : INPUT;
w2       : INPUT;
w3       : INPUT;
w4       : INPUT;
w5       : INPUT;
w6       : INPUT;
w7       : INPUT;
w8       : INPUT;
w9       : INPUT;
w10      : INPUT;
w11      : INPUT;
w12      : INPUT;
w13      : INPUT;
w14      : INPUT;
w15      : INPUT;

-- Node name is 'f0' = '|mux8to1:st0|~66~1' 
-- Equation name is 'f0', type is output 
 f0      = LCELL( _EQ001 $  _EQ002);
  _EQ001 =  s0 &  s1 &  s2 & !w7 &  _X001 &  _X002 &  _X003 &  _X004
         #  s0 &  s1 & !s2 & !w3 &  _X001 &  _X002 &  _X003 &  _X004
         #  s0 & !s1 &  s2 & !w5 &  _X001 &  _X002 &  _X003 &  _X004
         # !s0 &  s1 &  s2 & !w6 &  _X001 &  _X002 &  _X003 &  _X004;
  _X001  = EXP(!s0 &  s1 & !s2 & !w2);
  _X002  = EXP( s0 & !s1 & !s2 & !w1);
  _X003  = EXP(!s0 & !s1 &  s2 & !w4);
  _X004  = EXP(!s0 & !s1 & !s2 & !w0);
  _EQ002 =  _X001 &  _X002 &  _X003 &  _X004;
  _X001  = EXP(!s0 &  s1 & !s2 & !w2);
  _X002  = EXP( s0 & !s1 & !s2 & !w1);
  _X003  = EXP(!s0 & !s1 &  s2 & !w4);
  _X004  = EXP(!s0 & !s1 & !s2 & !w0);

-- Node name is 'f1' = '|mux8to1:st1|~66~1' 
-- Equation name is 'f1', type is output 
 f1      = LCELL( _EQ003 $  _EQ004);
  _EQ003 =  s0 &  s1 &  s2 & !w15 &  _X005 &  _X006 &  _X007 &  _X008
         #  s0 &  s1 & !s2 & !w11 &  _X005 &  _X006 &  _X007 &  _X008
         #  s0 & !s1 &  s2 & !w13 &  _X005 &  _X006 &  _X007 &  _X008
         # !s0 &  s1 &  s2 & !w14 &  _X005 &  _X006 &  _X007 &  _X008;
  _X005  = EXP(!s0 &  s1 & !s2 & !w10);
  _X006  = EXP( s0 & !s1 & !s2 & !w9);
  _X007  = EXP(!s0 & !s1 &  s2 & !w12);
  _X008  = EXP(!s0 & !s1 & !s2 & !w8);
  _EQ004 =  _X005 &  _X006 &  _X007 &  _X008;
  _X005  = EXP(!s0 &  s1 & !s2 & !w10);
  _X006  = EXP( s0 & !s1 & !s2 & !w9);
  _X007  = EXP(!s0 & !s1 &  s2 & !w12);
  _X008  = EXP(!s0 & !s1 & !s2 & !w8);

-- Node name is 'f2' 
-- Equation name is 'f2', location is LC019, type is output.
 f2      = LCELL( _EQ005 $  GND);
  _EQ005 =  f1 &  s3
         #  f0 & !s3;



--     Shareable expanders that are duplicated in multiple LABs:
--     (none)




Project Information                d:\180905206_b1_akshat\week6\mux16to1ab.rpt

** COMPILATION SETTINGS & TIMES **

Processing Menu Commands
------------------------

Design Doctor                             = off

Logic Synthesis:

   Synthesis Type Used                    = Standard

   Default Synthesis Style                = NORMAL

      Logic option settings in 'NORMAL' style for 'MAX7000' family

      DECOMPOSE_GATES                     = on
      DUPLICATE_LOGIC_EXTRACTION          = on
      MINIMIZATION                        = full
      MULTI_LEVEL_FACTORING               = on
      NOT_GATE_PUSH_BACK                  = on
      PARALLEL_EXPANDERS                  = off
      REDUCE_LOGIC                        = on
      REFACTORIZATION                     = on
      REGISTER_OPTIMIZATION               = on
      RESYNTHESIZE_NETWORK                = on
      SLOW_SLEW_RATE                      = off
      SOFT_BUFFER_INSERTION               = on
      SUBFACTOR_EXTRACTION                = on
      TURBO_BIT                           = on
      XOR_SYNTHESIS                       = on
      IGNORE_SOFT_BUFFERS                 = off
      USE_LPM_FOR_AHDL_OPERATORS          = off

   Other logic synthesis settings:

      Automatic Global Clock              = on
      Automatic Global Clear              = on
      Automatic Global Preset             = on
      Automatic Global Output Enable      = on
      Automatic Fast I/O                  = off
      Automatic Register Packing          = off
      Automatic Open-Drain Pins           = on
      Automatic Implement in EAB          = off
      One-Hot State Machine Encoding      = off
      Optimize                            = 5

Default Timing Specifications: None

Cut All Bidir Feedback Timing Paths       = on
Cut All Clear & Preset Timing Paths       = on

Ignore Timing Assignments                 = on

Functional SNF Extractor                  = off

Linked SNF Extractor                      = off
Timing SNF Extractor                      = on
Optimize Timing SNF                       = off
Generate AHDL TDO File                    = off
Fitter Settings                           = NORMAL
Smart Recompile                           = off
Total Recompile                           = off

Interfaces Menu Commands
------------------------

EDIF Netlist Writer                       = off
Verilog Netlist Writer                    = off
VHDL Netlist Writer                       = off

Compilation Times
-----------------

   Compiler Netlist Extractor             00:00:00
   Database Builder                       00:00:00
   Logic Synthesizer                      00:00:00
   Partitioner                            00:00:01
   Fitter                                 00:00:00
   Timing SNF Extractor                   00:00:00
   Assembler                              00:00:00
   --------------------------             --------
   Total Time                             00:00:01


Memory Allocated
-----------------

Peak memory allocated during compilation  = 4,681K
