


ARM Macro Assembler    Page 1 


    1 00000000                 AREA             RESET,DATA,READONLY
    2 00000000                 EXPORT           __Vectors
    3 00000000         __Vectors
    4 00000000 10001000        DCD              0x10001000
    5 00000004 00000000        DCD              Reset_Handler
    6 00000008                 ALIGN
    7 00000008                 AREA             mycode,CODE,READONLY
    8 00000000                 ENTRY
    9 00000000                 EXPORT           Reset_Handler
   10 00000000         Reset_Handler
   11 00000000 4806            LDR              R0,=DST
   12 00000002 F04F 0101       MOV              R1,#1
   13 00000006 F04F 0200       MOV              R2,#0
   14 0000000A 6001    st      STR              R1,[R0]
   15 0000000C F101 0101       ADD              R1,#1
   16 00000010 F100 0004       ADD              R0,#4
   17 00000014 3A01            SUBS             R2,#1
   18 00000016 D1F8            BNE              st
   19 00000018         STOP
   20 00000018 E7FE            B                STOP
   21 0000001A 00 00           ALIGN
   22 0000001C 00000000        AREA             mydata,DATA,READWRITE
   23 00000000 00000000 
                       DST     DCD              0
   24 00000004                 END
Command Line: --debug --xref --cpu=Cortex-M3 --apcs=interwork --depend=.\prog3r
everseten32bitnumarray.d -o.\prog3reverseten32bitnumarray.o -IC:\Keil\ARM\RV31\
INC -IC:\Keil\ARM\CMSIS\Include -IC:\Keil\ARM\Inc\NXP\LPC17xx --predefine="__EV
AL SETA 1" --list=.\prog3reverseten32bitnumarray.lst prog3reverseTen32bitNumArr
ay.s



ARM Macro Assembler    Page 1 Alphabetic symbol ordering
Relocatable symbols

RESET 00000000

Symbol: RESET
   Definitions
      At line 1 in file prog3reverseTen32bitNumArray.s
   Uses
      None
Comment: RESET unused
__Vectors 00000000

Symbol: __Vectors
   Definitions
      At line 3 in file prog3reverseTen32bitNumArray.s
   Uses
      At line 2 in file prog3reverseTen32bitNumArray.s
Comment: __Vectors used once
2 symbols



ARM Macro Assembler    Page 1 Alphabetic symbol ordering
Relocatable symbols

Reset_Handler 00000000

Symbol: Reset_Handler
   Definitions
      At line 10 in file prog3reverseTen32bitNumArray.s
   Uses
      At line 5 in file prog3reverseTen32bitNumArray.s
      At line 9 in file prog3reverseTen32bitNumArray.s

STOP 00000018

Symbol: STOP
   Definitions
      At line 19 in file prog3reverseTen32bitNumArray.s
   Uses
      At line 20 in file prog3reverseTen32bitNumArray.s
Comment: STOP used once
mycode 00000000

Symbol: mycode
   Definitions
      At line 7 in file prog3reverseTen32bitNumArray.s
   Uses
      None
Comment: mycode unused
st 0000000A

Symbol: st
   Definitions
      At line 14 in file prog3reverseTen32bitNumArray.s
   Uses
      At line 18 in file prog3reverseTen32bitNumArray.s
Comment: st used once
4 symbols



ARM Macro Assembler    Page 1 Alphabetic symbol ordering
Relocatable symbols

DST 00000000

Symbol: DST
   Definitions
      At line 23 in file prog3reverseTen32bitNumArray.s
   Uses
      At line 11 in file prog3reverseTen32bitNumArray.s
Comment: DST used once
mydata 00000000

Symbol: mydata
   Definitions
      At line 22 in file prog3reverseTen32bitNumArray.s
   Uses
      None
Comment: mydata unused
2 symbols
341 symbols in table
