ARM Linker, 5.03 [Build 76] [MDK-ARM Lite]

==============================================================================

Section Cross References

    ex.o(RESET) refers to ex.o(mycode) for Reset_Handler
    ex2.o(RESET) refers to ex2.o(mycode) for Reset_Handler1
    ex2.o(mycode) refers to ex2.o(mydata) for DST


==============================================================================

Removing Unused input sections from the image.

    Removing ex2.o(RESET), (8 bytes).

1 unused section(s) (total 8 bytes) removed from the image.

==============================================================================

Image Symbol Table

    Local Symbols

    Symbol Name                              Value     Ov Type        Size  Object(Section)

    RESET                                    0x00000000   Section        8  ex.o(RESET)
    ex.s                                     0x00000000   Number         0  ex.o ABSOLUTE
    ex2.s                                    0x00000000   Number         0  ex2.o ABSOLUTE
    mycode                                   0x00000008   Section       14  ex.o(mycode)
    mycode                                   0x00000018   Section       24  ex2.o(mycode)
    SRC                                      0x00000024   Data           4  ex2.o(mycode)
    mydata                                   0x10000000   Section        4  ex2.o(mydata)
    DST                                      0x10000000   Data           4  ex2.o(mydata)

    Global Symbols

    Symbol Name                              Value     Ov Type        Size  Object(Section)

    BuildAttributes$$THM_ISAv4$P$D$K$B$S$PE$A:L22UL41UL21$X:L11$S22US41US21$IEEE1$IW$USESV6$~STKCKD$USESV7$~SHL$OSPACE$EBA8$STANDARDLIB$PRES8$EABIv2 0x00000000   Number         0  anon$$obj.o ABSOLUTE
    __Vectors                                0x00000000   Data           0  ex.o(RESET)
    Reset_Handler                            0x00000009   Thumb Code     0  ex.o(mycode)
    Reset_Handler1                           0x00000019   Thumb Code     0  ex2.o(mycode)



==============================================================================

Memory Map of the image

  Image Entry point : 0x00000009

  Load Region LR_1 (Base: 0x00000000, Size: 0x00000034, Max: 0xffffffff, ABSOLUTE)

    Execution Region ER_RO (Base: 0x00000000, Size: 0x00000030, Max: 0xffffffff, ABSOLUTE)

    Base Addr    Size         Type   Attr      Idx    E Section Name        Object

    0x00000000   0x00000008   Data   RO            1    RESET               ex.o
    0x00000008   0x0000000e   Code   RO            2  * mycode              ex.o
    0x00000016   0x00000002   PAD
    0x00000018   0x00000018   Code   RO            8  * mycode              ex2.o


    Execution Region ER_RW (Base: 0x10000000, Size: 0x00000004, Max: 0xffffffff, ABSOLUTE)

    Base Addr    Size         Type   Attr      Idx    E Section Name        Object

    0x10000000   0x00000004   Data   RW            9    mydata              ex2.o


    Execution Region ER_ZI (Base: 0x10000004, Size: 0x00000000, Max: 0xffffffff, ABSOLUTE)

    **** No section assigned to this execution region ****


==============================================================================

Image component sizes


      Code (inc. data)   RO Data    RW Data    ZI Data      Debug   Object Name

        14          0          8          0          0        160   ex.o
        24         14          0          4          0        132   ex2.o

    ----------------------------------------------------------------------
        40         14          8          4          0        292   Object Totals
         0          0          0          0          0          0   (incl. Generated)
         2          0          0          0          0          0   (incl. Padding)

    ----------------------------------------------------------------------
         0          0          0          0          0          0   Library Totals
         0          0          0          0          0          0   (incl. Padding)

    ----------------------------------------------------------------------

==============================================================================


      Code (inc. data)   RO Data    RW Data    ZI Data      Debug   

        40         14          8          4          0        292   Grand Totals
        40         14          8          4          0        292   ELF Image Totals
        40         14          8          4          0          0   ROM Totals

==============================================================================

    Total RO  Size (Code + RO Data)                   48 (   0.05kB)
    Total RW  Size (RW Data + ZI Data)                 4 (   0.00kB)
    Total ROM Size (Code + RO Data + RW Data)         52 (   0.05kB)

==============================================================================

