<html>
<body>
<pre>
<h1>µVision Build Log</h1>
<h2>Project:</h2>
D:\A_60\exampe.uvproj
Project File Date:  01/04/2020

<h2>Output:</h2>
Build target 'Target 1'
linking...
Program Size: Code=40 RO-data=8 RW-data=4 ZI-data=0  
".\exampe.axf" - 0 Error(s), 0 Warning(s).
ize: Code=40 RO-data=8 RW-data=4 ZI-data=0  
".\exampe.axf" - 0 Error(s), 1 Warning(s).
ampe.axf'. Debugger aborted !
code or Macro
".\exampe.axf" - 3 Error(s), 0 Warning(s).
Target not created
rget not created
data area
ex.s(13): error: A1186E: Code generated in data area
".\exampe.axf" - 6 Error(s), 0 Warning(s).
Target not created
\exampe.axf" - 7 Error(s), 0 Warning(s).
Target not created
