<html>
<body>
<pre>
<h1>µVision Build Log</h1>
<h2>Project:</h2>
C:\Users\Kaustav\Desktop\MY CODE\All Kaustav Labs Latest\KaustavLABS2 06 Jan 2019\ES LAB\WEEK 5\ESLABWEEK5.uvproj
Project File Date:  02/03/2020

<h2>Output:</h2>
Build target 'Target 1'
assembling prog4stackSelectionSort.s...
linking...
Program Size: Code=96 RO-data=8 RW-data=0 ZI-data=0  
".\ESLABWEEK5.axf" - 0 Error(s), 0 Warning(s).
</pre>
</body>
</html>
" - 0 Error(s), 0 Warning(s).
Error: Could not load file 'C:\Users\Kaustav\Desktop\MY CODE\All Kaustav Labs Latest\KaustavLABS2 06 Jan 2019\ES LAB\WEEK 5\ESLABWEEK5.axf'. Debugger aborted !
on to list the image map.
Finished: 2 information, 0 warning and 2 error messages.
".\ESLABWEEK5.axf" - 2 Error(s), 0 Warning(s).
Target not created
