<html>
<body>
<pre>
<h1>µVision Build Log</h1>
<h2>Project:</h2>
D:\180905188\ES LAB\WEEK 5\ESLABWEEK5.uvproj
Project File Date:  02/04/2020

<h2>Output:</h2>
Build target 'Target 1'
assembling prog2factorialOfUnsignedNumber.s...
linking...
Program Size: Code=56 RO-data=8 RW-data=4 ZI-data=0  
".\ESLABWEEK5.axf" - 0 Error(s), 0 Warning(s).
</pre>
</body>
</html>
RW-data=4 ZI-data=0  
".\ESLABWEEK5.axf" - 0 Error(s), 1 Warning(s).
nsignedNumber.s(31): warning: A1581W: Added 2 bytes of padding at address 0x2a
".\ESLABWEEK5.axf" - 2 Error(s), 1 Warning(s).
Target not created

".\ESLABWEEK5.axf" - 4 Error(s), 0 Warning(s).
Target not created
irective at end of file
".\ESLABWEEK5.axf" - 4 Error(s), 1 Warning(s).
Target not created
r(s), 1 Warning(s).
Target not created
