<html>
<body>
<pre>
<h1>µVision Build Log</h1>
<h2>Project:</h2>
D:\C22\WEEK3\project1.uvproj
Project File Date:  01/21/2020

<h2>Output:</h2>
Build target 'Target 1'
assembling prg1.s...
linking...
Program Size: Code=44 RO-data=8 RW-data=4 ZI-data=0  
".\project1.axf" - 0 Error(s), 0 Warning(s).
</pre>
</body>
</html>
 1 Warning(s).
Target not created
), 1 Warning(s).
Target not created
ing opcode or Macro
prg1.s(24): warning: A1313W: Missing END directive at end of file
".\project1.axf" - 3 Error(s), 1 Warning(s).
Target not created
