


ARM Macro Assembler    Page 1 


    1 00000000         
    2 00000000                 AREA             RESET,DATA,READONLY
    3 00000000                 EXPORT           __Vectors
    4 00000000         __Vectors
    5 00000000 10001000        DCD              0X10001000
    6 00000004 00000000        DCD              Reset_Handler
    7 00000008                 ALIGN
    8 00000008                 AREA             mycode,CODE,READONLY
    9 00000000                 ENTRY
   10 00000000                 EXPORT           Reset_Handler
   11 00000000         Reset_Handler
   12 00000000 480C            LDR              R0,=VAL1
   13 00000002 4F0D            LDR              R7,=RES
   14 00000004 6801            LDR              R1,[R0]
   15 00000006 F04F 020F       MOV              R2,#0x0F
   16 0000000A F04F 0301       MOV              R3,#1
   17 0000000E F04F 040A       MOV              R4,#10
   18 00000012 F04F 0500       MOV              R5,#0
   19 00000016 EA01 0602 
                       up      AND              R6,R1,R2
   20 0000001A FB06 5503       MLA              R5,R6,R3,R5
   21 0000001E FB03 F304       MUL              R3,R3,R4
   22 00000022 EA4F 1111       LSR              R1,#4
   23 00000026 2900            CMP              R1,#0
   24 00000028 D1F5            BNE              up
   25 0000002A 603D            STR              R5,[R7]
   26 0000002C         STOP
   27 0000002C E7FE            B                STOP
   28 0000002E 00 00 00001234 
                       VAL1    DCD              0x00001234
   29 00000034 00000000 
              00000000         AREA             mydata,DATA,READWRITE
   30 00000000 00000000 
                       RES     DCD              0
   31 00000004                 END
Command Line: --debug --xref --cpu=Cortex-M3 --apcs=interwork --depend=.\bcdhex
.d -o.\bcdhex.o -IC:\Keil\ARM\RV31\INC -IC:\Keil\ARM\CMSIS\Include -IC:\Keil\AR
M\Inc\NXP\LPC17xx --predefine="__EVAL SETA 1" --list=.\bcdhex.lst bcdhex.s



ARM Macro Assembler    Page 1 Alphabetic symbol ordering
Relocatable symbols

RESET 00000000

Symbol: RESET
   Definitions
      At line 2 in file bcdhex.s
   Uses
      None
Comment: RESET unused
__Vectors 00000000

Symbol: __Vectors
   Definitions
      At line 4 in file bcdhex.s
   Uses
      At line 3 in file bcdhex.s
Comment: __Vectors used once
2 symbols



ARM Macro Assembler    Page 1 Alphabetic symbol ordering
Relocatable symbols

Reset_Handler 00000000

Symbol: Reset_Handler
   Definitions
      At line 11 in file bcdhex.s
   Uses
      At line 6 in file bcdhex.s
      At line 10 in file bcdhex.s

STOP 0000002C

Symbol: STOP
   Definitions
      At line 26 in file bcdhex.s
   Uses
      At line 27 in file bcdhex.s
Comment: STOP used once
VAL1 00000030

Symbol: VAL1
   Definitions
      At line 28 in file bcdhex.s
   Uses
      At line 12 in file bcdhex.s
Comment: VAL1 used once
mycode 00000000

Symbol: mycode
   Definitions
      At line 8 in file bcdhex.s
   Uses
      None
Comment: mycode unused
up 00000016

Symbol: up
   Definitions
      At line 19 in file bcdhex.s
   Uses
      At line 24 in file bcdhex.s
Comment: up used once
5 symbols



ARM Macro Assembler    Page 1 Alphabetic symbol ordering
Relocatable symbols

RES 00000000

Symbol: RES
   Definitions
      At line 30 in file bcdhex.s
   Uses
      At line 13 in file bcdhex.s
Comment: RES used once
mydata 00000000

Symbol: mydata
   Definitions
      At line 29 in file bcdhex.s
   Uses
      None
Comment: mydata unused
2 symbols
342 symbols in table
