ARM Linker, 5.03 [Build 76] [MDK-ARM Lite]

==============================================================================

Section Cross References

    firste.o(RESET) refers to firste.o(mycode) for Reset_Handler
    firste.o(mycode) refers to firste.o(mydata) for RESULT


==============================================================================

Image Symbol Table

    Local Symbols

    Symbol Name                              Value     Ov Type        Size  Object(Section)

    RESET                                    0x00000000   Section        8  firste.o(RESET)
    firste.s                                 0x00000000   Number         0  firste.o ABSOLUTE
    mycode                                   0x00000008   Section       36  firste.o(mycode)
    VAL1                                     0x00000018   Data           4  firste.o(mycode)
    VAL2                                     0x0000001c   Data           4  firste.o(mycode)
    mydata                                   0x10000000   Section        4  firste.o(mydata)
    RESULT                                   0x10000000   Data           4  firste.o(mydata)

    Global Symbols

    Symbol Name                              Value     Ov Type        Size  Object(Section)

    BuildAttributes$$THM_ISAv4$P$D$K$B$S$PE$A:L22UL41UL21$X:L11$S22US41US21$IEEE1$IW$USESV6$~STKCKD$USESV7$~SHL$OSPACE$EBA8$STANDARDLIB$PRES8$EABIv2 0x00000000   Number         0  anon$$obj.o ABSOLUTE
    __Vectors                                0x00000000   Data           0  firste.o(RESET)
    Reset_Handler                            0x00000009   Thumb Code     0  firste.o(mycode)



==============================================================================

Memory Map of the image

  Image Entry point : 0x00000009

  Load Region LR_1 (Base: 0x00000000, Size: 0x00000030, Max: 0xffffffff, ABSOLUTE)

    Execution Region ER_RO (Base: 0x00000000, Size: 0x0000002c, Max: 0xffffffff, ABSOLUTE)

    Base Addr    Size         Type   Attr      Idx    E Section Name        Object

    0x00000000   0x00000008   Data   RO            1    RESET               firste.o
    0x00000008   0x00000024   Code   RO            2  * mycode              firste.o


    Execution Region ER_RW (Base: 0x10000000, Size: 0x00000004, Max: 0xffffffff, ABSOLUTE)

    Base Addr    Size         Type   Attr      Idx    E Section Name        Object

    0x10000000   0x00000004   Data   RW            3    mydata              firste.o


    Execution Region ER_ZI (Base: 0x10000004, Size: 0x00000000, Max: 0xffffffff, ABSOLUTE)

    **** No section assigned to this execution region ****


==============================================================================

Image component sizes


      Code (inc. data)   RO Data    RW Data    ZI Data      Debug   Object Name

        36         22          8          4          0        172   firste.o

    ----------------------------------------------------------------------
        36         22          8          4          0        172   Object Totals
         0          0          0          0          0          0   (incl. Generated)
         0          0          0          0          0          0   (incl. Padding)

    ----------------------------------------------------------------------
         0          0          0          0          0          0   Library Totals
         0          0          0          0          0          0   (incl. Padding)

    ----------------------------------------------------------------------

==============================================================================


      Code (inc. data)   RO Data    RW Data    ZI Data      Debug   

        36         22          8          4          0        172   Grand Totals
        36         22          8          4          0        172   ELF Image Totals
        36         22          8          4          0          0   ROM Totals

==============================================================================

    Total RO  Size (Code + RO Data)                   44 (   0.04kB)
    Total RW  Size (RW Data + ZI Data)                 4 (   0.00kB)
    Total ROM Size (Code + RO Data + RW Data)         48 (   0.05kB)

==============================================================================

