


ARM Macro Assembler    Page 1 


    1 00000000                 AREA             RESET, CODE, READONLY
    2 00000000                 EXPORT           __Vectors
    3 00000000         __Vectors
    4 00000000 10000000        DCD              0X10000000
    5 00000004 00000000        DCD              Reset_Handler
    6 00000008                 ALIGN
    7 00000008                 AREA             mycode, CODE, READONLY
    8 00000000                 ENTRY
    9 00000000                 EXPORT           Reset_Handler
   10 00000000         Reset_Handler
   11 00000000 480F            LDR              r0,=dst
   12 00000002 4601    l2      MOV              r1,r0
   13 00000004 4603            MOV              r3,r0
   14 00000006 F103 0301       ADD              r3,#1
   15 0000000A F109 0A01       ADD              r10,r9,#1
   16 0000000E 781C    l1      LDRB             r4,[r3]
   17 00000010 780F            LDRB             r7,[r1]
   18 00000012 42BC            cmp              r4,r7
   19 00000014 D200            bcs              up
   20 00000016 4619            MOV              r1,r3
   21 00000018 F103 0301 
                       up      ADD              r3,#1
   22 0000001C F10A 0A01       ADD              r10,#1
   23 00000020 F1BA 0F0A       cmp              r10,#10
   24 00000024 D1F3            bne              l1
   25 00000026 7802            LDRB             r2,[r0]
   26 00000028 780E            LDRB             r6,[r1]
   27 0000002A 700A            STRB             r2,[r1]
   28 0000002C 7006            STRB             r6,[r0]
   29 0000002E F100 0001       ADD              r0,#1
   30 00000032 F109 0901       ADD              r9,#1
   31 00000036 F1B9 0F09       cmp              r9,#9
   32 0000003A D1E2            bne              l2
   33 0000003C         stop
   34 0000003C E7FE            b                stop
   35 0000003E 00 00 00000000  AREA             mydata,DATA,READWRITE
   36 00000000 00000000 
                       dst     dcd              0
   37 00000004                 END
Command Line: --debug --xref --cpu=Cortex-M3 --apcs=interwork --depend=.\ssort.
d -o.\ssort.o -IC:\Keil\ARM\RV31\INC -IC:\Keil\ARM\CMSIS\Include -IC:\Keil\ARM\
Inc\NXP\LPC17xx --predefine="__EVAL SETA 1" --list=.\ssort.lst ssort.s



ARM Macro Assembler    Page 1 Alphabetic symbol ordering
Relocatable symbols

RESET 00000000

Symbol: RESET
   Definitions
      At line 1 in file ssort.s
   Uses
      None
Comment: RESET unused
__Vectors 00000000

Symbol: __Vectors
   Definitions
      At line 3 in file ssort.s
   Uses
      At line 2 in file ssort.s
Comment: __Vectors used once
2 symbols



ARM Macro Assembler    Page 1 Alphabetic symbol ordering
Relocatable symbols

Reset_Handler 00000000

Symbol: Reset_Handler
   Definitions
      At line 10 in file ssort.s
   Uses
      At line 5 in file ssort.s
      At line 9 in file ssort.s

l1 0000000E

Symbol: l1
   Definitions
      At line 16 in file ssort.s
   Uses
      At line 24 in file ssort.s
Comment: l1 used once
l2 00000002

Symbol: l2
   Definitions
      At line 12 in file ssort.s
   Uses
      At line 32 in file ssort.s
Comment: l2 used once
mycode 00000000

Symbol: mycode
   Definitions
      At line 7 in file ssort.s
   Uses
      None
Comment: mycode unused
stop 0000003C

Symbol: stop
   Definitions
      At line 33 in file ssort.s
   Uses
      At line 34 in file ssort.s
Comment: stop used once
up 00000018

Symbol: up
   Definitions
      At line 21 in file ssort.s
   Uses
      At line 19 in file ssort.s
Comment: up used once
6 symbols



ARM Macro Assembler    Page 1 Alphabetic symbol ordering
Relocatable symbols

dst 00000000

Symbol: dst
   Definitions
      At line 36 in file ssort.s
   Uses
      At line 11 in file ssort.s
Comment: dst used once
mydata 00000000

Symbol: mydata
   Definitions
      At line 35 in file ssort.s
   Uses
      None
Comment: mydata unused
2 symbols
343 symbols in table
