ARM Linker, 5.03 [Build 76] [MDK-ARM Lite]

==============================================================================

Section Cross References

    bcd_ascii.o(RESET) refers to bcd_ascii.o(hex_bcd) for Reset_Handler
    bcd_ascii.o(hex_bcd) refers to bcd_ascii.o(mydata) for RES


==============================================================================

Image Symbol Table

    Local Symbols

    Symbol Name                              Value     Ov Type        Size  Object(Section)

    RESET                                    0x00000000   Section        8  bcd_ascii.o(RESET)
    bcd_ascii.s                              0x00000000   Number         0  bcd_ascii.o ABSOLUTE
    hex_bcd                                  0x00000008   Section       44  bcd_ascii.o(hex_bcd)
    VAL                                      0x00000028   Data           4  bcd_ascii.o(hex_bcd)
    mydata                                   0x10000000   Section       32  bcd_ascii.o(mydata)
    RES                                      0x10000000   Data          32  bcd_ascii.o(mydata)

    Global Symbols

    Symbol Name                              Value     Ov Type        Size  Object(Section)

    BuildAttributes$$THM_ISAv4$P$D$K$B$S$PE$A:L22UL41UL21$X:L11$S22US41US21$IEEE1$IW$USESV6$~STKCKD$USESV7$~SHL$OSPACE$EBA8$STANDARDLIB$PRES8$EABIv2 0x00000000   Number         0  anon$$obj.o ABSOLUTE
    __Vectors                                0x00000000   Data           0  bcd_ascii.o(RESET)
    Reset_Handler                            0x00000009   Thumb Code     0  bcd_ascii.o(hex_bcd)



==============================================================================

Memory Map of the image

  Image Entry point : 0x00000009

  Load Region LR_1 (Base: 0x00000000, Size: 0x00000054, Max: 0xffffffff, ABSOLUTE)

    Execution Region ER_RO (Base: 0x00000000, Size: 0x00000034, Max: 0xffffffff, ABSOLUTE)

    Base Addr    Size         Type   Attr      Idx    E Section Name        Object

    0x00000000   0x00000008   Data   RO            1    RESET               bcd_ascii.o
    0x00000008   0x0000002c   Code   RO            2  * hex_bcd             bcd_ascii.o


    Execution Region ER_RW (Base: 0x10000000, Size: 0x00000020, Max: 0xffffffff, ABSOLUTE)

    Base Addr    Size         Type   Attr      Idx    E Section Name        Object

    0x10000000   0x00000020   Data   RW            3    mydata              bcd_ascii.o


    Execution Region ER_ZI (Base: 0x10000020, Size: 0x00000000, Max: 0xffffffff, ABSOLUTE)

    **** No section assigned to this execution region ****


==============================================================================

Image component sizes


      Code (inc. data)   RO Data    RW Data    ZI Data      Debug   Object Name

        44         12          8         32          0        188   bcd_ascii.o

    ----------------------------------------------------------------------
        44         12          8         32          0        188   Object Totals
         0          0          0          0          0          0   (incl. Generated)
         0          0          0          0          0          0   (incl. Padding)

    ----------------------------------------------------------------------
         0          0          0          0          0          0   Library Totals
         0          0          0          0          0          0   (incl. Padding)

    ----------------------------------------------------------------------

==============================================================================


      Code (inc. data)   RO Data    RW Data    ZI Data      Debug   

        44         12          8         32          0        188   Grand Totals
        44         12          8         32          0        188   ELF Image Totals
        44         12          8         32          0          0   ROM Totals

==============================================================================

    Total RO  Size (Code + RO Data)                   52 (   0.05kB)
    Total RW  Size (RW Data + ZI Data)                32 (   0.03kB)
    Total ROM Size (Code + RO Data + RW Data)         84 (   0.08kB)

==============================================================================

