


ARM Macro Assembler    Page 1 


    1 00000000                 AREA             RESET,DATA,READONLY
    2 00000000                 EXPORT           __Vectors
    3 00000000         __Vectors
    4 00000000 10001000        DCD              0x10001000
    5 00000004 00000000        DCD              Reset_Handler
    6 00000008                 AREA             reverse,CODE,READONLY
    7 00000000                 EXPORT           Reset_Handler
    8 00000000                 ENTRY
    9 00000000         Reset_Handler
   10 00000000 4803            LDR              R0,FIR
   11 00000002 4904            LDR              R1,SEC
   12 00000004 4A04            LDR              R2,=RES
   13 00000006 F04F 0300       MOV              R3,#0
   14 0000000A 1A0B            SUBS             R3,R1,R0
   15 0000000C 6013            STR              R3,[R2]
   16 0000000E         STOP
   17 0000000E E7FE            B                STOP
   18 00000010 00000003 
                       FIR     DCD              3
   19 00000014 00000001 
                       SEC     DCD              1
   20 00000018 00000000        AREA             mydata,DATA,READWRITE
   21 00000000 00000000 
                       RES     DCD              0
   22 00000004                 END
Command Line: --debug --xref --cpu=Cortex-M3 --apcs=interwork --depend=.\p3.d -
o.\p3.o -IC:\Keil\ARM\RV31\INC -IC:\Keil\ARM\CMSIS\Include -IC:\Keil\ARM\Inc\NX
P\LPC17xx --predefine="__EVAL SETA 1" --list=.\p3.lst p3.s



ARM Macro Assembler    Page 1 Alphabetic symbol ordering
Relocatable symbols

RESET 00000000

Symbol: RESET
   Definitions
      At line 1 in file p3.s
   Uses
      None
Comment: RESET unused
__Vectors 00000000

Symbol: __Vectors
   Definitions
      At line 3 in file p3.s
   Uses
      At line 2 in file p3.s
Comment: __Vectors used once
2 symbols



ARM Macro Assembler    Page 1 Alphabetic symbol ordering
Relocatable symbols

FIR 00000010

Symbol: FIR
   Definitions
      At line 18 in file p3.s
   Uses
      At line 10 in file p3.s
Comment: FIR used once
Reset_Handler 00000000

Symbol: Reset_Handler
   Definitions
      At line 9 in file p3.s
   Uses
      At line 5 in file p3.s
      At line 7 in file p3.s

SEC 00000014

Symbol: SEC
   Definitions
      At line 19 in file p3.s
   Uses
      At line 11 in file p3.s
Comment: SEC used once
STOP 0000000E

Symbol: STOP
   Definitions
      At line 16 in file p3.s
   Uses
      At line 17 in file p3.s
Comment: STOP used once
reverse 00000000

Symbol: reverse
   Definitions
      At line 6 in file p3.s
   Uses
      None
Comment: reverse unused
5 symbols



ARM Macro Assembler    Page 1 Alphabetic symbol ordering
Relocatable symbols

RES 00000000

Symbol: RES
   Definitions
      At line 21 in file p3.s
   Uses
      At line 12 in file p3.s
Comment: RES used once
mydata 00000000

Symbol: mydata
   Definitions
      At line 20 in file p3.s
   Uses
      None
Comment: mydata unused
2 symbols
342 symbols in table
