


ARM Macro Assembler    Page 1 


    1 00000000                 AREA             RESET,DATA,READONLY
    2 00000000                 EXPORT           __Vectors
    3 00000000         __Vectors
    4 00000000 40001000        DCD              0X40001000
    5 00000004 00000000        DCD              Reset_Handler
    6 00000008                 ALIGN
    7 00000008                 AREA             mycode,CODE,READONLY
    8 00000000                 ENTRY
    9 00000000                 EXPORT           Reset_Handler
   10 00000000         Reset_Handler
   11 00000000 4809            LDR              R0,=N1
   12 00000002 6801            LDR              R1,[R0]
   13 00000004 4809            LDR              R0,=N2
   14 00000006 6802            LDR              R2,[R0]
   15 00000008 4B09            LDR              R3,=QUO
   16 0000000A 4C0A            LDR              R4,=REM
   17 0000000C 4291    LOOP    CMP              R1,R2
   18 0000000E D304            BCC              STORE
   19 00000010 EBA1 0102       SUB              R1,R1,R2
   20 00000014 F105 0501       ADD              R5,R5,#1
   21 00000018 E7F8            B                LOOP
   22 0000001A 601D    STORE   STR              R5,[R3]
   23 0000001C 6021            STR              R1,[R4]
   24 0000001E         STOP
   25 0000001E E7FE            B                STOP
   26 00000020 0000000B 
                       N1      DCD              11
   27 00000024 00000003 
                       N2      DCD              3
   28 00000028 00000000 
              00000000 
              00000000 
              00000000         AREA             mydata,DATA,READWRITE
   29 00000000 00000000 
                       QUO     DCD              0
   30 00000004 00000000 
                       REM     DCD              0
   31 00000008                 END
Command Line: --debug --xref --cpu=Cortex-M3 --apcs=interwork --depend=.\prg3.d
 -o.\prg3.o -IC:\Keil\ARM\RV31\INC -IC:\Keil\ARM\CMSIS\Include -IC:\Keil\ARM\In
c\NXP\LPC17xx --predefine="__EVAL SETA 1" --list=.\prg3.lst prg3.s



ARM Macro Assembler    Page 1 Alphabetic symbol ordering
Relocatable symbols

RESET 00000000

Symbol: RESET
   Definitions
      At line 1 in file prg3.s
   Uses
      None
Comment: RESET unused
__Vectors 00000000

Symbol: __Vectors
   Definitions
      At line 3 in file prg3.s
   Uses
      At line 2 in file prg3.s
Comment: __Vectors used once
2 symbols



ARM Macro Assembler    Page 1 Alphabetic symbol ordering
Relocatable symbols

LOOP 0000000C

Symbol: LOOP
   Definitions
      At line 17 in file prg3.s
   Uses
      At line 21 in file prg3.s
Comment: LOOP used once
N1 00000020

Symbol: N1
   Definitions
      At line 26 in file prg3.s
   Uses
      At line 11 in file prg3.s
Comment: N1 used once
N2 00000024

Symbol: N2
   Definitions
      At line 27 in file prg3.s
   Uses
      At line 13 in file prg3.s
Comment: N2 used once
Reset_Handler 00000000

Symbol: Reset_Handler
   Definitions
      At line 10 in file prg3.s
   Uses
      At line 5 in file prg3.s
      At line 9 in file prg3.s

STOP 0000001E

Symbol: STOP
   Definitions
      At line 24 in file prg3.s
   Uses
      At line 25 in file prg3.s
Comment: STOP used once
STORE 0000001A

Symbol: STORE
   Definitions
      At line 22 in file prg3.s
   Uses
      At line 18 in file prg3.s
Comment: STORE used once
mycode 00000000

Symbol: mycode
   Definitions
      At line 7 in file prg3.s
   Uses
      None
Comment: mycode unused
7 symbols



ARM Macro Assembler    Page 1 Alphabetic symbol ordering
Relocatable symbols

QUO 00000000

Symbol: QUO
   Definitions
      At line 29 in file prg3.s
   Uses
      At line 15 in file prg3.s
Comment: QUO used once
REM 00000004

Symbol: REM
   Definitions
      At line 30 in file prg3.s
   Uses
      At line 16 in file prg3.s
Comment: REM used once
mydata 00000000

Symbol: mydata
   Definitions
      At line 28 in file prg3.s
   Uses
      None
Comment: mydata unused
3 symbols
345 symbols in table
