<html>
<body>
<pre>
<h1>µVision Build Log</h1>
<h2>Project:</h2>
D:\C22\WEEK3\project4.uvproj
Project File Date:  01/21/2020

<h2>Output:</h2>
Build target 'Target 1'
assembling prg4.s...
prg4.s(42): warning: A1581W: Added 2 bytes of padding at address 0x4a
linking...
Program Size: Code=100 RO-data=8 RW-data=8 ZI-data=0  
".\project4.axf" - 0 Error(s), 1 Warning(s).
</pre>
</body>
</html>
de) with respect to LCM. Thumb Branch to non-Thumb symbol in prg4.o(mydata).
Finished: 0 information, 0 warning and 1 error messages.
".\project4.axf" - 1 Error(s), 2 Warning(s).
Target not created
