


ARM Macro Assembler    Page 1 


    1 00000000                 AREA             RESET,DATA,READONLY
    2 00000000                 EXPORT           __Vectors
    3 00000000         __Vectors
    4 00000000 10001000        DCD              0x10001000
    5 00000004 00000000        DCD              Reset_Handler
    6 00000008                 AREA             linear_search,CODE,READONLY
    7 00000000                 EXPORT           Reset_Handler
    8 00000000                 ENTRY
    9 00000000         Reset_Handler
   10 00000000 4811            LDR              R0,=SRC
   11 00000002 4912            LDR              R1,=DST
   12 00000004 4A12            LDR              R2,=KEY
   13 00000006 6813            LDR              R3,[R2]
   14 00000008 F04F 0400       MOV              R4,#0
   15 0000000C F04F 0500       MOV              R5,#0
   16 00000010         LOOP
   17 00000010 F850 5B04       LDR              R5,[R0],#4
   18 00000014 429D            CMP              R5,R3
   19 00000016 D004            BEQ              NEXT
   20 00000018 F104 0401       ADD              R4,#1
   21 0000001C 2C05            CMP              R4,#5
   22 0000001E D002            BEQ              NEXT1
   23 00000020 E7F6            B                LOOP
   24 00000022         NEXT
   25 00000022 600C            STR              R4,[R1]
   26 00000024 E002            B                STOP
   27 00000026         NEXT1
   28 00000026 F04F 34FF       MOV              R4,#-1
   29 0000002A 600C            STR              R4,[R1]
   30 0000002C         STOP
   31 0000002C E7FE            B                STOP
   32 0000002E 00 00 00000001 
              00000003 
              00000002 
              00000007 
              00000006 SRC     DCD              1,3,2,7,6
   33 00000044 00000006 
                       KEY     DCD              6
   34 00000048 00000000 
              00000000 
              00000000         AREA             mydata,DATA,READWRITE
   35 00000000 00000000 
                       DST     DCD              0
   36 00000004                 END
Command Line: --debug --xref --cpu=Cortex-M3 --apcs=interwork --depend=.\linear
_search.d -o.\linear_search.o -IC:\Keil\ARM\RV31\INC -IC:\Keil\ARM\CMSIS\Includ
e -IC:\Keil\ARM\Inc\NXP\LPC17xx --predefine="__EVAL SETA 1" --list=.\linear_sea
rch.lst linear_search.s



ARM Macro Assembler    Page 1 Alphabetic symbol ordering
Relocatable symbols

RESET 00000000

Symbol: RESET
   Definitions
      At line 1 in file linear_search.s
   Uses
      None
Comment: RESET unused
__Vectors 00000000

Symbol: __Vectors
   Definitions
      At line 3 in file linear_search.s
   Uses
      At line 2 in file linear_search.s
Comment: __Vectors used once
2 symbols



ARM Macro Assembler    Page 1 Alphabetic symbol ordering
Relocatable symbols

KEY 00000044

Symbol: KEY
   Definitions
      At line 33 in file linear_search.s
   Uses
      At line 12 in file linear_search.s
Comment: KEY used once
LOOP 00000010

Symbol: LOOP
   Definitions
      At line 16 in file linear_search.s
   Uses
      At line 23 in file linear_search.s
Comment: LOOP used once
NEXT 00000022

Symbol: NEXT
   Definitions
      At line 24 in file linear_search.s
   Uses
      At line 19 in file linear_search.s
Comment: NEXT used once
NEXT1 00000026

Symbol: NEXT1
   Definitions
      At line 27 in file linear_search.s
   Uses
      At line 22 in file linear_search.s
Comment: NEXT1 used once
Reset_Handler 00000000

Symbol: Reset_Handler
   Definitions
      At line 9 in file linear_search.s
   Uses
      At line 5 in file linear_search.s
      At line 7 in file linear_search.s

SRC 00000030

Symbol: SRC
   Definitions
      At line 32 in file linear_search.s
   Uses
      At line 10 in file linear_search.s
Comment: SRC used once
STOP 0000002C

Symbol: STOP
   Definitions
      At line 30 in file linear_search.s
   Uses
      At line 26 in file linear_search.s
      At line 31 in file linear_search.s

linear_search 00000000



ARM Macro Assembler    Page 2 Alphabetic symbol ordering
Relocatable symbols


Symbol: linear_search
   Definitions
      At line 6 in file linear_search.s
   Uses
      None
Comment: linear_search unused
8 symbols



ARM Macro Assembler    Page 1 Alphabetic symbol ordering
Relocatable symbols

DST 00000000

Symbol: DST
   Definitions
      At line 35 in file linear_search.s
   Uses
      At line 11 in file linear_search.s
Comment: DST used once
mydata 00000000

Symbol: mydata
   Definitions
      At line 34 in file linear_search.s
   Uses
      None
Comment: mydata unused
2 symbols
345 symbols in table
