


ARM Macro Assembler    Page 1 


    1 00000000                 AREA             RESET, DATA, READONLY
    2 00000000                 EXPORT           __Vectors
    3 00000000         __Vectors
    4 00000000 10001000        DCD              0X10001000
    5 00000004 00000000        DCD              Reset_Handler
    6 00000008                 AREA             reverse, CODE, READONLY
    7 00000000                 EXPORT           Reset_Handler
    8 00000000                 ENTRY
    9 00000000         Reset_Handler
   10 00000000 4808            LDR              R0,=SRC
   11 00000002 4601            MOV              R1,R0
   12 00000004 F101 0124       ADD              R1,R1,#36
   13 00000008 F04F 0205       MOV              R2,#5
   14 0000000C         REVE
   15 0000000C 6803            LDR              R3,[R0]
   16 0000000E 680C            LDR              R4,[R1]
   17 00000010 600B            STR              R3,[R1]
   18 00000012 6004            STR              R4,[R0]
   19 00000014 F100 0004       ADD              R0,R0,#0x00000004
   20 00000018 F1A1 0104       SUB              R1,R1,#0x00000004
   21 0000001C 1E52            SUBS             R2,R2,#1
   22 0000001E D1F5            BNE              REVE
   23 00000020         STOP
   24 00000020 E7FE            B                STOP
   25 00000022 00 00 00000000  AREA             mydata,DATA,READWRITE
   26 00000000 00000000 
                       SRC     DCD              0
   27 00000004                 END
Command Line: --debug --xref --cpu=Cortex-M3 --apcs=interwork --depend=.\revers
e.d -o.\reverse.o -IC:\Keil\ARM\RV31\INC -IC:\Keil\ARM\CMSIS\Include -IC:\Keil\
ARM\Inc\NXP\LPC17xx --predefine="__EVAL SETA 1" --list=.\reverse.lst reverse.s



ARM Macro Assembler    Page 1 Alphabetic symbol ordering
Relocatable symbols

RESET 00000000

Symbol: RESET
   Definitions
      At line 1 in file reverse.s
   Uses
      None
Comment: RESET unused
__Vectors 00000000

Symbol: __Vectors
   Definitions
      At line 3 in file reverse.s
   Uses
      At line 2 in file reverse.s
Comment: __Vectors used once
2 symbols



ARM Macro Assembler    Page 1 Alphabetic symbol ordering
Relocatable symbols

REVE 0000000C

Symbol: REVE
   Definitions
      At line 14 in file reverse.s
   Uses
      At line 22 in file reverse.s
Comment: REVE used once
Reset_Handler 00000000

Symbol: Reset_Handler
   Definitions
      At line 9 in file reverse.s
   Uses
      At line 5 in file reverse.s
      At line 7 in file reverse.s

STOP 00000020

Symbol: STOP
   Definitions
      At line 23 in file reverse.s
   Uses
      At line 24 in file reverse.s
Comment: STOP used once
reverse 00000000

Symbol: reverse
   Definitions
      At line 6 in file reverse.s
   Uses
      None
Comment: reverse unused
4 symbols



ARM Macro Assembler    Page 1 Alphabetic symbol ordering
Relocatable symbols

SRC 00000000

Symbol: SRC
   Definitions
      At line 26 in file reverse.s
   Uses
      At line 10 in file reverse.s
Comment: SRC used once
mydata 00000000

Symbol: mydata
   Definitions
      At line 25 in file reverse.s
   Uses
      None
Comment: mydata unused
2 symbols
341 symbols in table
