ARM Linker, 5.03 [Build 76] [MDK-ARM Lite]

==============================================================================

Section Cross References

    prg1.o(RESET) refers to prg1.o(mycode) for Reset_Handler
    prg2.o(RESET) refers to prg2.o(mycode) for Reset_Handler1


==============================================================================

Removing Unused input sections from the image.

    Removing prg2.o(RESET), (8 bytes).

1 unused section(s) (total 8 bytes) removed from the image.

==============================================================================

Image Symbol Table

    Local Symbols

    Symbol Name                              Value     Ov Type        Size  Object(Section)

    RESET                                    0x00000000   Section        8  prg1.o(RESET)
    prg1.s                                   0x00000000   Number         0  prg1.o ABSOLUTE
    prg2.s                                   0x00000000   Number         0  prg2.o ABSOLUTE
    mycode                                   0x00000008   Section       12  prg1.o(mycode)
    mycode                                   0x00000014   Section       14  prg2.o(mycode)

    Global Symbols

    Symbol Name                              Value     Ov Type        Size  Object(Section)

    BuildAttributes$$THM_ISAv4$P$D$K$B$S$PE$A:L22UL41UL21$X:L11$S22US41US21$IEEE1$IW$USESV6$~STKCKD$USESV7$~SHL$OSPACE$EBA8$STANDARDLIB$PRES8$EABIv2 0x00000000   Number         0  anon$$obj.o ABSOLUTE
    __Vectors                                0x00000000   Data           0  prg1.o(RESET)
    Reset_Handler                            0x00000009   Thumb Code     0  prg1.o(mycode)
    Reset_Handler1                           0x00000015   Thumb Code     0  prg2.o(mycode)



==============================================================================

Memory Map of the image

  Image Entry point : 0x00000009

  Load Region LR_1 (Base: 0x00000000, Size: 0x00000024, Max: 0xffffffff, ABSOLUTE)

    Execution Region ER_RO (Base: 0x00000000, Size: 0x00000024, Max: 0xffffffff, ABSOLUTE)

    Base Addr    Size         Type   Attr      Idx    E Section Name        Object

    0x00000000   0x00000008   Data   RO            1    RESET               prg1.o
    0x00000008   0x0000000c   Code   RO            2  * mycode              prg1.o
    0x00000014   0x0000000e   Code   RO            8  * mycode              prg2.o


    Execution Region ER_RW (Base: 0x10000000, Size: 0x00000000, Max: 0xffffffff, ABSOLUTE)

    **** No section assigned to this execution region ****


    Execution Region ER_ZI (Base: 0x10000000, Size: 0x00000000, Max: 0xffffffff, ABSOLUTE)

    **** No section assigned to this execution region ****


==============================================================================

Image component sizes


      Code (inc. data)   RO Data    RW Data    ZI Data      Debug   Object Name

        12          0          8          0          0        168   prg1.o
        14          0          0          0          0        140   prg2.o

    ----------------------------------------------------------------------
        28          0          8          0          0        308   Object Totals
         0          0          0          0          0          0   (incl. Generated)
         2          0          0          0          0          0   (incl. Padding)

    ----------------------------------------------------------------------
         0          0          0          0          0          0   Library Totals
         0          0          0          0          0          0   (incl. Padding)

    ----------------------------------------------------------------------

==============================================================================


      Code (inc. data)   RO Data    RW Data    ZI Data      Debug   

        28          0          8          0          0        308   Grand Totals
        28          0          8          0          0        308   ELF Image Totals
        28          0          8          0          0          0   ROM Totals

==============================================================================

    Total RO  Size (Code + RO Data)                   36 (   0.04kB)
    Total RW  Size (RW Data + ZI Data)                 0 (   0.00kB)
    Total ROM Size (Code + RO Data + RW Data)         36 (   0.04kB)

==============================================================================

