


ARM Macro Assembler    Page 1 


    1 00000000                 AREA             RESET,DATA,READONLY
    2 00000000                 EXPORT           __Vectors
    3 00000000         __Vectors
    4 00000000 10001000        DCD              0x10001000
    5 00000004 00000000        DCD              Reset_Handler
    6 00000008                 ALIGN
    7 00000008                 AREA             mycode,CODE,READONLY
    8 00000000                 ENTRY
    9 00000000                 EXPORT           Reset_Handler
   10 00000000         Reset_Handler
   11 00000000 4912            LDR              R1,=VAL1
   12 00000002 4A13            LDR              R2,=VAL2
   13 00000004 F04F 0304       MOV              R3,#4
   14 00000008 F04F 0000       MOV              R0,#0
   15 0000000C 4E11            LDR              R6,=DST
   16 0000000E         LOOP
   17 0000000E 680C            LDR              R4,[R1]
   18 00000010 6815            LDR              R5,[R2]
   19 00000012 F160 0000       SBC              R0,#0
   20 00000016 1B60            SUBS             R0,R4,R5
   21 00000018 6030            STR              R0,[R6]
   22 0000001A F106 0604       ADD              R6,#4
   23 0000001E F101 0104       ADD              R1,#4
   24 00000022 F102 0204       ADD              R2,#4
   25 00000026 3B01            SUBS             R3,#1
   26 00000028 D1F1            BNE              LOOP
   27 0000002A         STOP
   28 0000002A E7FE            B                STOP
   29 0000002C 00000006 
              00000007 
              00000000 
              00000001 VAL1    DCD              6,7,0,1
   30 0000003C 00000006 
              00000007 
              00000000 
              00000000 VAL2    DCD              6,7,0,0
   31 0000004C 00000000 
              00000000 
              00000000         AREA             mydata,DATA,READWRITE
   32 00000000 00000000 
                       DST     DCD              0
   33 00000004                 END
Command Line: --debug --xref --cpu=Cortex-M3 --apcs=interwork --depend=.\prg2.d
 -o.\prg2.o -IC:\Keil\ARM\RV31\INC -IC:\Keil\ARM\CMSIS\Include -IC:\Keil\ARM\In
c\NXP\LPC17xx --predefine="__EVAL SETA 1" --list=.\prg2.lst prg2.s



ARM Macro Assembler    Page 1 Alphabetic symbol ordering
Relocatable symbols

RESET 00000000

Symbol: RESET
   Definitions
      At line 1 in file prg2.s
   Uses
      None
Comment: RESET unused
__Vectors 00000000

Symbol: __Vectors
   Definitions
      At line 3 in file prg2.s
   Uses
      At line 2 in file prg2.s
Comment: __Vectors used once
2 symbols



ARM Macro Assembler    Page 1 Alphabetic symbol ordering
Relocatable symbols

LOOP 0000000E

Symbol: LOOP
   Definitions
      At line 16 in file prg2.s
   Uses
      At line 26 in file prg2.s
Comment: LOOP used once
Reset_Handler 00000000

Symbol: Reset_Handler
   Definitions
      At line 10 in file prg2.s
   Uses
      At line 5 in file prg2.s
      At line 9 in file prg2.s

STOP 0000002A

Symbol: STOP
   Definitions
      At line 27 in file prg2.s
   Uses
      At line 28 in file prg2.s
Comment: STOP used once
VAL1 0000002C

Symbol: VAL1
   Definitions
      At line 29 in file prg2.s
   Uses
      At line 11 in file prg2.s
Comment: VAL1 used once
VAL2 0000003C

Symbol: VAL2
   Definitions
      At line 30 in file prg2.s
   Uses
      At line 12 in file prg2.s
Comment: VAL2 used once
mycode 00000000

Symbol: mycode
   Definitions
      At line 7 in file prg2.s
   Uses
      None
Comment: mycode unused
6 symbols



ARM Macro Assembler    Page 1 Alphabetic symbol ordering
Relocatable symbols

DST 00000000

Symbol: DST
   Definitions
      At line 32 in file prg2.s
   Uses
      At line 15 in file prg2.s
Comment: DST used once
mydata 00000000

Symbol: mydata
   Definitions
      At line 31 in file prg2.s
   Uses
      None
Comment: mydata unused
2 symbols
343 symbols in table
