


ARM Macro Assembler    Page 1 


    1 00000000                 AREA             RESET,DATA,READONLY
    2 00000000                 EXPORT           __Vectors
    3 00000000         __Vectors
    4 00000000 10001000        DCD              0X10001000
    5 00000004 00000000        DCD              Reset_Handler
    6 00000008                 ALIGN
    7 00000008                 AREA             mycode,CODE,READONLY
    8 00000000                 ENTRY
    9 00000000                 EXPORT           Reset_Handler
   10 00000000         Reset_Handler
   11 00000000 4906            LDR              R1,=VAL1
   12 00000002 4A07            LDR              R2,=VAL2
   13 00000004 FBA2 3401       UMULL            R3,R4,R2,R1
   14 00000008         
   15 00000008 4A06            LDR              R2,=RESULT
   16 0000000A 6014            STR              R4,[R2]
   17 0000000C F102 0204       ADD              R2,#4
   18 00000010 6013            STR              R3,[R2]     ;
   19 00000012         STOP
   20 00000012 E7FE            B                STOP
   21 00000014 54000000 
                       VAL1    DCD              0X54000000
   22 00000018 10000002 
                       VAL2    DCD              0X10000002
   23 0000001C 00000000 
              00000000 
              00000000         AREA             data,DATA,READWRITE
   24 00000000 00000000 
                       RESULT  DCD              0
   25 00000004         
   26 00000004         
   27 00000004         
   28 00000004         
                       
Command Line: --debug --xref --cpu=Cortex-M3 --apcs=interwork --depend=.\mul.d 
-o.\mul.o -IC:\Keil\ARM\RV31\INC -IC:\Keil\ARM\CMSIS\Include -IC:\Keil\ARM\Inc\
NXP\LPC17xx --predefine="__EVAL SETA 1" --list=.\mul.lst mul.s



ARM Macro Assembler    Page 1 Alphabetic symbol ordering
Relocatable symbols

RESET 00000000

Symbol: RESET
   Definitions
      At line 1 in file mul.s
   Uses
      None
Comment: RESET unused
__Vectors 00000000

Symbol: __Vectors
   Definitions
      At line 3 in file mul.s
   Uses
      At line 2 in file mul.s
Comment: __Vectors used once
2 symbols



ARM Macro Assembler    Page 1 Alphabetic symbol ordering
Relocatable symbols

Reset_Handler 00000000

Symbol: Reset_Handler
   Definitions
      At line 10 in file mul.s
   Uses
      At line 5 in file mul.s
      At line 9 in file mul.s

STOP 00000012

Symbol: STOP
   Definitions
      At line 19 in file mul.s
   Uses
      At line 20 in file mul.s
Comment: STOP used once
VAL1 00000014

Symbol: VAL1
   Definitions
      At line 21 in file mul.s
   Uses
      At line 11 in file mul.s
Comment: VAL1 used once
VAL2 00000018

Symbol: VAL2
   Definitions
      At line 22 in file mul.s
   Uses
      At line 12 in file mul.s
Comment: VAL2 used once
mycode 00000000

Symbol: mycode
   Definitions
      At line 7 in file mul.s
   Uses
      None
Comment: mycode unused
5 symbols



ARM Macro Assembler    Page 1 Alphabetic symbol ordering
Relocatable symbols

RESULT 00000000

Symbol: RESULT
   Definitions
      At line 24 in file mul.s
   Uses
      At line 15 in file mul.s
Comment: RESULT used once
data 00000000

Symbol: data
   Definitions
      At line 23 in file mul.s
   Uses
      None
Comment: data unused
2 symbols
342 symbols in table
