<html>
<body>
<pre>
<h1>µVision Build Log</h1>
<h2>Project:</h2>
D:\C29\first.uvproj
Project File Date:  01/07/2020

<h2>Output:</h2>
Build target 'Target 1'
assembling transfercodetodata2.s...
linking...
Program Size: Code=16 RO-data=8 RW-data=8 ZI-data=0  
".\first.axf" - 0 Error(s), 0 Warning(s).
</pre>
</body>
</html>
-data=0  
".\first.axf" - 0 Error(s), 1 Warning(s).
image symbols.
Not enough information to list the image map.
Finished: 2 information, 1 warning and 1 error messages.
".\first.axf" - 1 Error(s), 1 Warning(s).
Target not created
rst.axf" - 2 Error(s), 0 Warning(s).
Target not created
