


ARM Macro Assembler    Page 1 


    1 00000000                 AREA             RESET,DATA,READONLY
    2 00000000                 EXPORT           __Vectors
    3 00000000         __Vectors
    4 00000000 10001000        DCD              0x10001000
    5 00000004 00000000        DCD              Reset_Handler
    6 00000008                 AREA             div,CODE,READONLY
    7 00000000                 EXPORT           Reset_Handler
    8 00000000                 ENTRY
    9 00000000         Reset_Handler
   10 00000000 4809            LDR              R0,=VAL1
   11 00000002 490A            LDR              R1,=VAL2
   12 00000004 F04F 0200       MOV              R2,#0
   13 00000008 6803            LDR              R3,[R0]
   14 0000000A 680C            LDR              R4,[R1]
   15 0000000C         LOOP
   16 0000000C 42A3            CMP              R3,R4
   17 0000000E D201            BCS              SKIP
   18 00000010 461D            MOV              R5,R3
   19 00000012 E004            B                STOP
   20 00000014         SKIP
   21 00000014 EBA3 0304       SUB              R3,R3,R4
   22 00000018 F102 0201       ADD              R2,R2,#1
   23 0000001C E7F6            B                LOOP
   24 0000001E         STOP
   25 0000001E E7FE            B                STOP
   26 00000020 0000000C 
                       VAL1    DCD              12
   27 00000024 00000005 
                       VAL2    DCD              5
   28 00000028                 END
              00000000 
              00000000 
Command Line: --debug --xref --cpu=Cortex-M3 --apcs=interwork --depend=.\div.d 
-o.\div.o -IC:\Keil\ARM\RV31\INC -IC:\Keil\ARM\CMSIS\Include -IC:\Keil\ARM\Inc\
NXP\LPC17xx --predefine="__EVAL SETA 1" --list=.\div.lst div.s



ARM Macro Assembler    Page 1 Alphabetic symbol ordering
Relocatable symbols

RESET 00000000

Symbol: RESET
   Definitions
      At line 1 in file div.s
   Uses
      None
Comment: RESET unused
__Vectors 00000000

Symbol: __Vectors
   Definitions
      At line 3 in file div.s
   Uses
      At line 2 in file div.s
Comment: __Vectors used once
2 symbols



ARM Macro Assembler    Page 1 Alphabetic symbol ordering
Relocatable symbols

LOOP 0000000C

Symbol: LOOP
   Definitions
      At line 15 in file div.s
   Uses
      At line 23 in file div.s
Comment: LOOP used once
Reset_Handler 00000000

Symbol: Reset_Handler
   Definitions
      At line 9 in file div.s
   Uses
      At line 5 in file div.s
      At line 7 in file div.s

SKIP 00000014

Symbol: SKIP
   Definitions
      At line 20 in file div.s
   Uses
      At line 17 in file div.s
Comment: SKIP used once
STOP 0000001E

Symbol: STOP
   Definitions
      At line 24 in file div.s
   Uses
      At line 19 in file div.s
      At line 25 in file div.s

VAL1 00000020

Symbol: VAL1
   Definitions
      At line 26 in file div.s
   Uses
      At line 10 in file div.s
Comment: VAL1 used once
VAL2 00000024

Symbol: VAL2
   Definitions
      At line 27 in file div.s
   Uses
      At line 11 in file div.s
Comment: VAL2 used once
div 00000000

Symbol: div
   Definitions
      At line 6 in file div.s
   Uses
      None
Comment: div unused
7 symbols



ARM Macro Assembler    Page 2 Alphabetic symbol ordering
Relocatable symbols

342 symbols in table
