


ARM Macro Assembler    Page 1 


    1 00000000                 AREA             RESET,DATA,READONLY
    2 00000000                 EXPORT           __Vectors
    3 00000000         __Vectors
    4 00000000 10001000        DCD              0x10001000
    5 00000004 00000000        DCD              Reset_Handler
    6 00000008                 ALIGN
    7 00000008                 AREA             mycode,CODE,READONLY
    8 00000000                 ENTRY
    9 00000000                 EXPORT           Reset_Handler
   10 00000000         Reset_Handler
   11 00000000 4818            LDR              R0, =NUM
   12 00000002 6801            LDR              R1, [R0]    ; R1 CONTAINS THE N
                                                            UMBER
   13 00000004 F04F 0200       MOV              R2, #0      ;R2 CONTAINS SUM
   14 00000008 460B            MOV              R3, R1      ;R3 CONTAINS NUM
   15 0000000A F04F 040A       MOV              R4, #0X0A
   16 0000000E F8DF 9058       LDR              R9, =DST
   17 00000012         UP
   18 00000012 42A3            CMP              R3, R4
   19 00000014 D311            BCC              EXIT
   20 00000016 F04F 0500       MOV              R5, #0      ;CONTAINS QUOTIENT
   21 0000001A         UP1
   22 0000001A 42A3            CMP              R3, R4
   23 0000001C D304            BCC              EX1
   24 0000001E EBA3 0304       SUB              R3, R3, R4
   25 00000022 F105 0501       ADD              R5, #1
   26 00000026 E7F8            B                UP1
   27 00000028         EX1
   28 00000028 F04F 0600       MOV              R6, #0
   29 0000002C FB03 F603       MUL              R6, R3, R3  ; R6 = R3^2
   30 00000030 FB06 F603       MUL              R6, R6, R3  ; R6 = R3 ^3
   31 00000034 462B            MOV              R3, R5      ; R3 = QUOTIENT
   32 00000036 4432            ADD              R2, R2, R6
   33 00000038 E7EB            B                UP
   34 0000003A         
   35 0000003A         EXIT
   36 0000003A F04F 0600       MOV              R6, #0
   37 0000003E FB03 F603       MUL              R6, R3, R3
   38 00000042 FB06 F603       MUL              R6, R6, R3
   39 00000046 4432            ADD              R2, R2, R6
   40 00000048 428A            CMP              R2, R1
   41 0000004A D004            BEQ              OP1
   42 0000004C F04F 08AA       MOV              R8, #0XAA
   43 00000050 F8C9 8000       STR              R8, [R9]
   44 00000054 E003            B                STOP
   45 00000056 F04F 08FF 
                       OP1     MOV              R8, #0XFF
   46 0000005A F8C9 8000       STR              R8, [R9]
   47 0000005E E7FE    STOP    B                STOP
   48 00000060 00000099 
                       NUM     DCD              153
   49 00000064 00000000 
              00000000         AREA             mydata, DATA, READWRITE
   50 00000000 00000000 
                       DST     DCD              0
   51 00000004                 END
Command Line: --debug --xref --cpu=Cortex-M3 --apcs=interwork --depend=.\ex2.d 
-o.\ex2.o -IC:\Keil\ARM\RV31\INC -IC:\Keil\ARM\CMSIS\Include -IC:\Keil\ARM\Inc\
NXP\LPC17xx --predefine="__EVAL SETA 1" --list=.\ex2.lst ex2.s



ARM Macro Assembler    Page 1 Alphabetic symbol ordering
Relocatable symbols

RESET 00000000

Symbol: RESET
   Definitions
      At line 1 in file ex2.s
   Uses
      None
Comment: RESET unused
__Vectors 00000000

Symbol: __Vectors
   Definitions
      At line 3 in file ex2.s
   Uses
      At line 2 in file ex2.s
Comment: __Vectors used once
2 symbols



ARM Macro Assembler    Page 1 Alphabetic symbol ordering
Relocatable symbols

EX1 00000028

Symbol: EX1
   Definitions
      At line 27 in file ex2.s
   Uses
      At line 23 in file ex2.s
Comment: EX1 used once
EXIT 0000003A

Symbol: EXIT
   Definitions
      At line 35 in file ex2.s
   Uses
      At line 19 in file ex2.s
Comment: EXIT used once
NUM 00000060

Symbol: NUM
   Definitions
      At line 48 in file ex2.s
   Uses
      At line 11 in file ex2.s
Comment: NUM used once
OP1 00000056

Symbol: OP1
   Definitions
      At line 45 in file ex2.s
   Uses
      At line 41 in file ex2.s
Comment: OP1 used once
Reset_Handler 00000000

Symbol: Reset_Handler
   Definitions
      At line 10 in file ex2.s
   Uses
      At line 5 in file ex2.s
      At line 9 in file ex2.s

STOP 0000005E

Symbol: STOP
   Definitions
      At line 47 in file ex2.s
   Uses
      At line 44 in file ex2.s
      At line 47 in file ex2.s

UP 00000012

Symbol: UP
   Definitions
      At line 17 in file ex2.s
   Uses
      At line 33 in file ex2.s
Comment: UP used once
UP1 0000001A



ARM Macro Assembler    Page 2 Alphabetic symbol ordering
Relocatable symbols


Symbol: UP1
   Definitions
      At line 21 in file ex2.s
   Uses
      At line 26 in file ex2.s
Comment: UP1 used once
mycode 00000000

Symbol: mycode
   Definitions
      At line 7 in file ex2.s
   Uses
      None
Comment: mycode unused
9 symbols



ARM Macro Assembler    Page 1 Alphabetic symbol ordering
Relocatable symbols

DST 00000000

Symbol: DST
   Definitions
      At line 50 in file ex2.s
   Uses
      At line 16 in file ex2.s
Comment: DST used once
mydata 00000000

Symbol: mydata
   Definitions
      At line 49 in file ex2.s
   Uses
      None
Comment: mydata unused
2 symbols
346 symbols in table
