


ARM Macro Assembler    Page 1 


    1 00000000                 AREA             RESET , DATA, READONLY
    2 00000000                 EXPORT           __Vectors
    3 00000000         __Vectors
    4 00000000 10000000        DCD              0X10000000
    5 00000004 00000000        DCD              Reset_Handler
    6 00000008                 AREA             MYCODE, CODE, READONLY
    7 00000000                 ENTRY
    8 00000000                 EXPORT           Reset_Handler
    9 00000000         Reset_Handler
   10 00000000 4808            LDR              R0,=N1
   11 00000002 6801            LDR              R1,[R0]
   12 00000004 F04F 0200       MOV              R2,#0
   13 00000008 F04F 0301       MOV              R3,#1
   14 0000000C 4C06            LDR              R4,=DST
   15 0000000E         LOOP
   16 0000000E EB02 0503       ADD              R5,R2,R3
   17 00000012 461A            MOV              R2,R3
   18 00000014 462B            MOV              R3,R5
   19 00000016 F844 5B04       STR              R5,[R4],#4
   20 0000001A 3901            SUBS             R1,#1
   21 0000001C D1F7            BNE              LOOP
   22 0000001E         STOP
   23 0000001E E7FE            B                STOP
   24 00000020 00000008 
                       N1      DCD              8
   25 00000024 00000000 
              00000000         AREA             MYDATA, DATA, READWRITE
   26 00000000 00000000 
                       DST     DCD              0
   27 00000004                 END
Command Line: --debug --xref --cpu=Cortex-M3 --apcs=interwork --depend=.\prg3_7
.d -o.\prg3_7.o -IC:\Keil\ARM\RV31\INC -IC:\Keil\ARM\CMSIS\Include -IC:\Keil\AR
M\Inc\NXP\LPC17xx --predefine="__EVAL SETA 1" --list=.\prg3_7.lst prg3_7.s



ARM Macro Assembler    Page 1 Alphabetic symbol ordering
Relocatable symbols

RESET 00000000

Symbol: RESET
   Definitions
      At line 1 in file prg3_7.s
   Uses
      None
Comment: RESET unused
__Vectors 00000000

Symbol: __Vectors
   Definitions
      At line 3 in file prg3_7.s
   Uses
      At line 2 in file prg3_7.s
Comment: __Vectors used once
2 symbols



ARM Macro Assembler    Page 1 Alphabetic symbol ordering
Relocatable symbols

LOOP 0000000E

Symbol: LOOP
   Definitions
      At line 15 in file prg3_7.s
   Uses
      At line 21 in file prg3_7.s
Comment: LOOP used once
MYCODE 00000000

Symbol: MYCODE
   Definitions
      At line 6 in file prg3_7.s
   Uses
      None
Comment: MYCODE unused
N1 00000020

Symbol: N1
   Definitions
      At line 24 in file prg3_7.s
   Uses
      At line 10 in file prg3_7.s
Comment: N1 used once
Reset_Handler 00000000

Symbol: Reset_Handler
   Definitions
      At line 9 in file prg3_7.s
   Uses
      At line 5 in file prg3_7.s
      At line 8 in file prg3_7.s

STOP 0000001E

Symbol: STOP
   Definitions
      At line 22 in file prg3_7.s
   Uses
      At line 23 in file prg3_7.s
Comment: STOP used once
5 symbols



ARM Macro Assembler    Page 1 Alphabetic symbol ordering
Relocatable symbols

DST 00000000

Symbol: DST
   Definitions
      At line 26 in file prg3_7.s
   Uses
      At line 14 in file prg3_7.s
Comment: DST used once
MYDATA 00000000

Symbol: MYDATA
   Definitions
      At line 25 in file prg3_7.s
   Uses
      None
Comment: MYDATA unused
2 symbols
342 symbols in table
