<html>
<body>
<pre>
<h1>µVision Build Log</h1>
<h2>Project:</h2>
D:\C22\WEEK1\project1.uvproj
Project File Date:  01/07/2020

<h2>Output:</h2>
Build target 'Target 1'
linking...
Program Size: Code=28 RO-data=8 RW-data=0 ZI-data=0  
".\project1.axf" - 0 Error(s), 0 Warning(s).
</pre>
</body>
</html>
: Ignoring --first command. Cannot find argument '__Vectors'.
Not enough information to list image symbols.
Not enough information to list the image map.
Finished: 2 information, 1 warning and 1 error messages.
".\project1.axf" - 1 Error(s), 1 Warning(s).
Target not created

Target not created
et not created
