<html>
<body>
<pre>
<h1>µVision Build Log</h1>
<h2>Project:</h2>
D:\180905188\ES LAB\WEEK 6\ESLABWEEK6.uvproj
Project File Date:  02/11/2020

<h2>Output:</h2>
Build target 'Target 1'
compiling sample.c...
linking...
Program Size: Code=1604 RO-data=236 RW-data=16 ZI-data=608  
FromELF: creating hex file...
".\ESLABWEEK6.axf" - 0 Error(s), 0 Warning(s).
</pre>
</body>
</html>
 
FromELF: creating hex file...
".\ESLABWEEK6.axf" - 0 Error(s), 1 Warning(s).
Target not created
ABWEEK6.axf" - 1 Error(s), 1 Warning(s).
Target not created
