<html>
<body>
<pre>
<h1>µVision Build Log</h1>
<h2>Project:</h2>
D:\180905188\ES LAB\WEEK 3\ESLABWEEK3.uvproj
Project File Date:  02/04/2020

<h2>Output:</h2>
Build target 'Target 1'
assembling additionalfibonacci.s...
linking...
Program Size: Code=40 RO-data=8 RW-data=4 ZI-data=0  
".\ESLABWEEK3.axf" - 0 Error(s), 0 Warning(s).
</pre>
</body>
</html>
I-data=0  
".\ESLABWEEK3.axf" - 0 Error(s), 1 Warning(s).
f padding at address 0x22
assembling prog3SumOfNusingMLA.s...
assembling prog45GCDandLCM.s...
assembling sample1MULinstruction.s...
assembling sample2UMULLinstruction.s...
".\ESLABWEEK3.axf" - 1 Error(s), 1 Warning(s).
Target not created
Error: Could not load file 'D:\180905188\ES LAB\WEEK 3\ESLABWEEK3.axf'. Debugger aborted !
