ARM Linker, 5.03 [Build 76] [MDK-ARM Lite]

==============================================================================

Section Cross References

    prog45gcdandlcm.o(RESET) refers to prog45gcdandlcm.o(mycode) for Reset_Handler
    prog45gcdandlcm.o(mycode) refers to prog45gcdandlcm.o(mydata) for GCD


==============================================================================

Image Symbol Table

    Local Symbols

    Symbol Name                              Value     Ov Type        Size  Object(Section)

    RESET                                    0x00000000   Section        8  prog45gcdandlcm.o(RESET)
    prog45GCDandLCM.s                        0x00000000   Number         0  prog45gcdandlcm.o ABSOLUTE
    mycode                                   0x00000008   Section       84  prog45gcdandlcm.o(mycode)
    NUM1                                     0x00000044   Data           4  prog45gcdandlcm.o(mycode)
    NUM2                                     0x00000048   Data           4  prog45gcdandlcm.o(mycode)
    mydata                                   0x10000000   Section        8  prog45gcdandlcm.o(mydata)
    GCD                                      0x10000000   Data           4  prog45gcdandlcm.o(mydata)
    LCM                                      0x10000004   Data           4  prog45gcdandlcm.o(mydata)

    Global Symbols

    Symbol Name                              Value     Ov Type        Size  Object(Section)

    BuildAttributes$$THM_ISAv4$P$D$K$B$S$PE$A:L22UL41UL21$X:L11$S22US41US21$IEEE1$IW$USESV6$~STKCKD$USESV7$~SHL$OSPACE$EBA8$STANDARDLIB$PRES8$EABIv2 0x00000000   Number         0  anon$$obj.o ABSOLUTE
    __Vectors                                0x00000000   Data           0  prog45gcdandlcm.o(RESET)
    Reset_Handler                            0x00000009   Thumb Code     0  prog45gcdandlcm.o(mycode)



==============================================================================

Memory Map of the image

  Image Entry point : 0x00000009

  Load Region LR_1 (Base: 0x00000000, Size: 0x00000064, Max: 0xffffffff, ABSOLUTE)

    Execution Region ER_RO (Base: 0x00000000, Size: 0x0000005c, Max: 0xffffffff, ABSOLUTE)

    Base Addr    Size         Type   Attr      Idx    E Section Name        Object

    0x00000000   0x00000008   Data   RO            1    RESET               prog45gcdandlcm.o
    0x00000008   0x00000054   Code   RO            2  * mycode              prog45gcdandlcm.o


    Execution Region ER_RW (Base: 0x10000000, Size: 0x00000008, Max: 0xffffffff, ABSOLUTE)

    Base Addr    Size         Type   Attr      Idx    E Section Name        Object

    0x10000000   0x00000008   Data   RW            3    mydata              prog45gcdandlcm.o


    Execution Region ER_ZI (Base: 0x10000008, Size: 0x00000000, Max: 0xffffffff, ABSOLUTE)

    **** No section assigned to this execution region ****


==============================================================================

Image component sizes


      Code (inc. data)   RO Data    RW Data    ZI Data      Debug   Object Name

        84         26          8          8          0        224   prog45gcdandlcm.o

    ----------------------------------------------------------------------
        84         26          8          8          0        224   Object Totals
         0          0          0          0          0          0   (incl. Generated)
         0          0          0          0          0          0   (incl. Padding)

    ----------------------------------------------------------------------
         0          0          0          0          0          0   Library Totals
         0          0          0          0          0          0   (incl. Padding)

    ----------------------------------------------------------------------

==============================================================================


      Code (inc. data)   RO Data    RW Data    ZI Data      Debug   

        84         26          8          8          0        224   Grand Totals
        84         26          8          8          0        224   ELF Image Totals
        84         26          8          8          0          0   ROM Totals

==============================================================================

    Total RO  Size (Code + RO Data)                   92 (   0.09kB)
    Total RW  Size (RW Data + ZI Data)                 8 (   0.01kB)
    Total ROM Size (Code + RO Data + RW Data)        100 (   0.10kB)

==============================================================================

