


ARM Macro Assembler    Page 1 


    1 00000000                 AREA             RESET,DATA,READONLY
    2 00000000                 EXPORT           __Vectors
    3 00000000         __Vectors
    4 00000000 10001000        DCD              0x10001000
    5 00000004 00000000        DCD              Reset_Handler
    6 00000008                 ALIGN
    7 00000008                 AREA             mycode,CODE,READONLY
    8 00000000                 ENTRY
    9 00000000                 EXPORT           Reset_Handler
   10 00000000         Reset_Handler
   11 00000000 4813            LDR              R0,=ARR
   12 00000002 4914            LDR              R1,=NUM
   13 00000004 4E14            LDR              R6,=MEMORY
   14 00000006 680A            LDR              R2,[R1]
   15 00000008 F04F 070A       MOV              R7,#10
   16 0000000C 6803    LOOP    LDR              R3,[R0]
   17 0000000E 4293            CMP              R3,R2
   18 00000010 BF08 6030       STREQ            R0,[R6]
   19 00000014 F100 0004       ADD              R0,R0,#4
   20 00000018 F1A7 0701       SUB              R7,R7,#1
   21 0000001C 2F00            CMP              R7,#0
   22 0000001E D1F5            BNE              LOOP
   23 00000020 E7FE    STOP    B                STOP
   24 00000022 00 00 00000000 
              00000001 
              00000002 
              00000003 
              00000004 
              00000005 
              00000006 
              00000007 
              00000008 
              00000009 ARR     DCD              0,1,2,3,4,5,6,7,8,9
   25 0000004C 00000006 
                       NUM     DCD              6
   26 00000050 00000000 
              00000000 
              00000000         AREA             mydata,DATA,READWRITE
   27 00000000 00000000 
                       MEMORY  DCD              0
                       
Command Line: --debug --xref --cpu=Cortex-M3 --apcs=interwork --depend=.\prg3.d
 -o.\prg3.o -IC:\Keil\ARM\RV31\INC -IC:\Keil\ARM\CMSIS\Include -IC:\Keil\ARM\In
c\NXP\LPC17xx --predefine="__EVAL SETA 1" --list=.\prg3.lst prg3.s



ARM Macro Assembler    Page 1 Alphabetic symbol ordering
Relocatable symbols

RESET 00000000

Symbol: RESET
   Definitions
      At line 1 in file prg3.s
   Uses
      None
Comment: RESET unused
__Vectors 00000000

Symbol: __Vectors
   Definitions
      At line 3 in file prg3.s
   Uses
      At line 2 in file prg3.s
Comment: __Vectors used once
2 symbols



ARM Macro Assembler    Page 1 Alphabetic symbol ordering
Relocatable symbols

ARR 00000024

Symbol: ARR
   Definitions
      At line 24 in file prg3.s
   Uses
      At line 11 in file prg3.s
Comment: ARR used once
LOOP 0000000C

Symbol: LOOP
   Definitions
      At line 16 in file prg3.s
   Uses
      At line 22 in file prg3.s
Comment: LOOP used once
NUM 0000004C

Symbol: NUM
   Definitions
      At line 25 in file prg3.s
   Uses
      At line 12 in file prg3.s
Comment: NUM used once
Reset_Handler 00000000

Symbol: Reset_Handler
   Definitions
      At line 10 in file prg3.s
   Uses
      At line 5 in file prg3.s
      At line 9 in file prg3.s

STOP 00000020

Symbol: STOP
   Definitions
      At line 23 in file prg3.s
   Uses
      At line 23 in file prg3.s
Comment: STOP used once
mycode 00000000

Symbol: mycode
   Definitions
      At line 7 in file prg3.s
   Uses
      None
Comment: mycode unused
6 symbols



ARM Macro Assembler    Page 1 Alphabetic symbol ordering
Relocatable symbols

MEMORY 00000000

Symbol: MEMORY
   Definitions
      At line 27 in file prg3.s
   Uses
      At line 13 in file prg3.s
Comment: MEMORY used once
mydata 00000000

Symbol: mydata
   Definitions
      At line 26 in file prg3.s
   Uses
      None
Comment: mydata unused
2 symbols
343 symbols in table
