ARM Linker, 5.03 [Build 76] [MDK-ARM Lite]

==============================================================================

Section Cross References

    week3_4.o(RESET) refers to week3_4.o(mycode) for Reset_Handler
    week3_4.o(mycode) refers to week3_4.o(mydata) for GCD


==============================================================================

Image Symbol Table

    Local Symbols

    Symbol Name                              Value     Ov Type        Size  Object(Section)

    RESET                                    0x00000000   Section        8  week3_4.o(RESET)
    week3_4.s                                0x00000000   Number         0  week3_4.o ABSOLUTE
    mycode                                   0x00000008   Section       56  week3_4.o(mycode)
    A                                        0x0000002c   Data           4  week3_4.o(mycode)
    B                                        0x00000030   Data           4  week3_4.o(mycode)
    mydata                                   0x10000000   Section        4  week3_4.o(mydata)
    GCD                                      0x10000000   Data           4  week3_4.o(mydata)

    Global Symbols

    Symbol Name                              Value     Ov Type        Size  Object(Section)

    BuildAttributes$$THM_ISAv4$P$D$K$B$S$PE$A:L22UL41UL21$X:L11$S22US41US21$IEEE1$IW$USESV6$~STKCKD$USESV7$~SHL$OSPACE$EBA8$STANDARDLIB$PRES8$EABIv2 0x00000000   Number         0  anon$$obj.o ABSOLUTE
    __Vectors                                0x00000000   Data           0  week3_4.o(RESET)
    Reset_Handler                            0x00000009   Thumb Code     0  week3_4.o(mycode)



==============================================================================

Memory Map of the image

  Image Entry point : 0x00000009

  Load Region LR_1 (Base: 0x00000000, Size: 0x00000044, Max: 0xffffffff, ABSOLUTE)

    Execution Region ER_RO (Base: 0x00000000, Size: 0x00000040, Max: 0xffffffff, ABSOLUTE)

    Base Addr    Size         Type   Attr      Idx    E Section Name        Object

    0x00000000   0x00000008   Data   RO            1    RESET               week3_4.o
    0x00000008   0x00000038   Code   RO            2  * mycode              week3_4.o


    Execution Region ER_RW (Base: 0x10000000, Size: 0x00000004, Max: 0xffffffff, ABSOLUTE)

    Base Addr    Size         Type   Attr      Idx    E Section Name        Object

    0x10000000   0x00000004   Data   RW            3    mydata              week3_4.o


    Execution Region ER_ZI (Base: 0x10000004, Size: 0x00000000, Max: 0xffffffff, ABSOLUTE)

    **** No section assigned to this execution region ****


==============================================================================

Image component sizes


      Code (inc. data)   RO Data    RW Data    ZI Data      Debug   Object Name

        56         22          8          4          0        180   week3_4.o

    ----------------------------------------------------------------------
        56         22          8          4          0        180   Object Totals
         0          0          0          0          0          0   (incl. Generated)
         0          0          0          0          0          0   (incl. Padding)

    ----------------------------------------------------------------------
         0          0          0          0          0          0   Library Totals
         0          0          0          0          0          0   (incl. Padding)

    ----------------------------------------------------------------------

==============================================================================


      Code (inc. data)   RO Data    RW Data    ZI Data      Debug   

        56         22          8          4          0        180   Grand Totals
        56         22          8          4          0        180   ELF Image Totals
        56         22          8          4          0          0   ROM Totals

==============================================================================

    Total RO  Size (Code + RO Data)                   64 (   0.06kB)
    Total RW  Size (RW Data + ZI Data)                 4 (   0.00kB)
    Total ROM Size (Code + RO Data + RW Data)         68 (   0.07kB)

==============================================================================

