ARM Linker, 5.03 [Build 76] [MDK-ARM Lite]

==============================================================================

Section Cross References

    mycode_1.o(RESET) refers to mycode_1.o(mycode) for Reset_Handler
    mycode_2.o(RESET) refers to mycode_2.o(mycode2) for Reset_Handler1
    mycode_3.o(RESET) refers to mycode_3.o(mycode3) for Reset_Handler2
    mycode_3.o(mycode3) refers to mycode_3.o(mydata) for DST
    mycode_4.o(RESET) refers to mycode_4.o(mycode4) for Reset_Handler3
    mycode_4.o(mycode4) refers to mycode_4.o(mydata) for SRC1


==============================================================================

Removing Unused input sections from the image.

    Removing mycode_2.o(RESET), (8 bytes).
    Removing mycode_3.o(RESET), (8 bytes).
    Removing mycode_4.o(RESET), (8 bytes).

3 unused section(s) (total 24 bytes) removed from the image.

==============================================================================

Image Symbol Table

    Local Symbols

    Symbol Name                              Value     Ov Type        Size  Object(Section)

    RESET                                    0x00000000   Section        8  mycode_1.o(RESET)
    mycode_1.s                               0x00000000   Number         0  mycode_1.o ABSOLUTE
    mycode_2.s                               0x00000000   Number         0  mycode_2.o ABSOLUTE
    mycode_3.s                               0x00000000   Number         0  mycode_3.o ABSOLUTE
    mycode_4.s                               0x00000000   Number         0  mycode_4.o ABSOLUTE
    mycode                                   0x00000008   Section       12  mycode_1.o(mycode)
    mycode2                                  0x00000014   Section       14  mycode_2.o(mycode2)
    mycode3                                  0x00000024   Section       20  mycode_3.o(mycode3)
    SRC                                      0x0000002c   Data           4  mycode_3.o(mycode3)
    mycode4                                  0x00000038   Section       16  mycode_4.o(mycode4)
    mydata                                   0x10000000   Section        4  mycode_3.o(mydata)
    DST                                      0x10000000   Data           4  mycode_3.o(mydata)
    mydata                                   0x10000004   Section        8  mycode_4.o(mydata)
    SRC1                                     0x10000004   Data           4  mycode_4.o(mydata)
    DST1                                     0x10000008   Data           4  mycode_4.o(mydata)

    Global Symbols

    Symbol Name                              Value     Ov Type        Size  Object(Section)

    BuildAttributes$$THM_ISAv4$P$D$K$B$S$PE$A:L22UL41UL21$X:L11$S22US41US21$IEEE1$IW$USESV6$~STKCKD$USESV7$~SHL$OSPACE$EBA8$STANDARDLIB$PRES8$EABIv2 0x00000000   Number         0  anon$$obj.o ABSOLUTE
    __Vectors                                0x00000000   Data           0  mycode_1.o(RESET)
    Reset_Handler                            0x00000009   Thumb Code     0  mycode_1.o(mycode)
    Reset_Handler1                           0x00000015   Thumb Code     0  mycode_2.o(mycode2)
    Reset_Handler2                           0x00000025   Thumb Code     0  mycode_3.o(mycode3)
    Reset_Handler3                           0x00000039   Thumb Code     0  mycode_4.o(mycode4)



==============================================================================

Memory Map of the image

  Image Entry point : 0x00000009

  Load Region LR_1 (Base: 0x00000000, Size: 0x00000054, Max: 0xffffffff, ABSOLUTE)

    Execution Region ER_RO (Base: 0x00000000, Size: 0x00000048, Max: 0xffffffff, ABSOLUTE)

    Base Addr    Size         Type   Attr      Idx    E Section Name        Object

    0x00000000   0x00000008   Data   RO            1    RESET               mycode_1.o
    0x00000008   0x0000000c   Code   RO            2  * mycode              mycode_1.o
    0x00000014   0x0000000e   Code   RO            8  * mycode2             mycode_2.o
    0x00000022   0x00000002   PAD
    0x00000024   0x00000014   Code   RO           12  * mycode3             mycode_3.o
    0x00000038   0x00000010   Code   RO           17  * mycode4             mycode_4.o


    Execution Region ER_RW (Base: 0x10000000, Size: 0x0000000c, Max: 0xffffffff, ABSOLUTE)

    Base Addr    Size         Type   Attr      Idx    E Section Name        Object

    0x10000000   0x00000004   Data   RW           13    mydata              mycode_3.o
    0x10000004   0x00000008   Data   RW           18    mydata              mycode_4.o


    Execution Region ER_ZI (Base: 0x1000000c, Size: 0x00000000, Max: 0xffffffff, ABSOLUTE)

    **** No section assigned to this execution region ****


==============================================================================

Image component sizes


      Code (inc. data)   RO Data    RW Data    ZI Data      Debug   Object Name

        12          0          8          0          0        168   mycode_1.o
        14          0          0          0          0        140   mycode_2.o
        20         12          0          4          0        140   mycode_3.o
        16          8          0          8          0        140   mycode_4.o

    ----------------------------------------------------------------------
        64         20          8         12          0        588   Object Totals
         0          0          0          0          0          0   (incl. Generated)
         2          0          0          0          0          0   (incl. Padding)

    ----------------------------------------------------------------------
         0          0          0          0          0          0   Library Totals
         0          0          0          0          0          0   (incl. Padding)

    ----------------------------------------------------------------------

==============================================================================


      Code (inc. data)   RO Data    RW Data    ZI Data      Debug   

        64         20          8         12          0        588   Grand Totals
        64         20          8         12          0        588   ELF Image Totals
        64         20          8         12          0          0   ROM Totals

==============================================================================

    Total RO  Size (Code + RO Data)                   72 (   0.07kB)
    Total RW  Size (RW Data + ZI Data)                12 (   0.01kB)
    Total ROM Size (Code + RO Data + RW Data)         84 (   0.08kB)

==============================================================================

