


ARM Macro Assembler    Page 1 


    1 00000000                 AREA             RESET,DATA,READONLY
    2 00000000                 EXPORT           __Vectors
    3 00000000         __Vectors
    4 00000000 10001000        DCD              0X10001000
    5 00000004 00000000        DCD              Reset_Handler
    6 00000008                 ALIGN
    7 00000008                 AREA             mycode,CODE,READONLY
    8 00000000                 ENTRY
    9 00000000                 EXPORT           Reset_Handler
   10 00000000         Reset_Handler
   11 00000000 4813            LDR              R0,=SRC
   12 00000002 6803            LDR              R3,[R0]
   13 00000004 F103 0324       ADD              R3,R3,#36
   14 00000008 6819            LDR              R1,[R3]
   15 0000000A F1A1 0104       SUB              R1,R1,#4
   16 0000000E F04F 0209       MOV              R2,#9
   17 00000012 F101 0424       ADD              R4,R1,#36
   18 00000016         LOOP
   19 00000016 681D            LDR              R5,[R3]
   20 00000018 6025            STR              R5,[R4]
   21 0000001A F1A3 0304       SUB              R3,R3,#4
   22 0000001E F1A4 0404       SUB              R4,R4,#4
   23 00000022 3A01            SUBS             R2,#1
   24 00000024 D1F7            BNE              LOOP
   25 00000026 00 00 0000000A 
              00000009 
              00000008 
              00000007 
              00000006 
              00000005 
              00000004 
              00000003 
              00000002 
              00000001 SRC     DCD              10,9,8,7,6,5,4,3,2,1
   26 00000050 00000002 
                       OL      EQU              2
   27 00000050                 END
              00000000 
Command Line: --debug --xref --cpu=Cortex-M3 --apcs=interwork --depend=.\overla
p.d -o.\overlap.o -IC:\Keil\ARM\RV31\INC -IC:\Keil\ARM\CMSIS\Include -IC:\Keil\
ARM\Inc\NXP\LPC17xx --predefine="__EVAL SETA 1" --list=.\overlap.lst overlap.s



ARM Macro Assembler    Page 1 Alphabetic symbol ordering
Relocatable symbols

RESET 00000000

Symbol: RESET
   Definitions
      At line 1 in file overlap.s
   Uses
      None
Comment: RESET unused
__Vectors 00000000

Symbol: __Vectors
   Definitions
      At line 3 in file overlap.s
   Uses
      At line 2 in file overlap.s
Comment: __Vectors used once
2 symbols



ARM Macro Assembler    Page 1 Alphabetic symbol ordering
Relocatable symbols

LOOP 00000016

Symbol: LOOP
   Definitions
      At line 18 in file overlap.s
   Uses
      At line 24 in file overlap.s
Comment: LOOP used once
Reset_Handler 00000000

Symbol: Reset_Handler
   Definitions
      At line 10 in file overlap.s
   Uses
      At line 5 in file overlap.s
      At line 9 in file overlap.s

SRC 00000028

Symbol: SRC
   Definitions
      At line 25 in file overlap.s
   Uses
      At line 11 in file overlap.s
Comment: SRC used once
mycode 00000000

Symbol: mycode
   Definitions
      At line 7 in file overlap.s
   Uses
      None
Comment: mycode unused
4 symbols



ARM Macro Assembler    Page 1 Alphabetic symbol ordering
Absolute symbols

OL 00000002

Symbol: OL
   Definitions
      At line 26 in file overlap.s
   Uses
      None
Comment: OL unused
1 symbol
340 symbols in table
