ARM Linker, 5.03 [Build 76] [MDK-ARM Lite]

==============================================================================

Section Cross References

    prg4.o(RESET) refers to prg4.o(mycode) for Reset_Handler
    prg4.o(mycode) refers to prg4.o(mydata) for HEX1


==============================================================================

Image Symbol Table

    Local Symbols

    Symbol Name                              Value     Ov Type        Size  Object(Section)

    RESET                                    0x00000000   Section        8  prg4.o(RESET)
    prg4.s                                   0x00000000   Number         0  prg4.o ABSOLUTE
    mycode                                   0x00000008   Section      196  prg4.o(mycode)
    NUM1                                     0x000000a4   Data           4  prg4.o(mycode)
    NUM2                                     0x000000a8   Data           4  prg4.o(mycode)
    mydata                                   0x10000000   Section       16  prg4.o(mydata)
    HEX1                                     0x10000000   Data           4  prg4.o(mydata)
    HEX2                                     0x10000004   Data           4  prg4.o(mydata)
    UNPACK                                   0x10000008   Data           4  prg4.o(mydata)
    PACK                                     0x1000000c   Data           4  prg4.o(mydata)

    Global Symbols

    Symbol Name                              Value     Ov Type        Size  Object(Section)

    BuildAttributes$$THM_ISAv4$P$D$K$B$S$PE$A:L22UL41UL21$X:L11$S22US41US21$IEEE1$IW$USESV6$~STKCKD$USESV7$~SHL$OSPACE$EBA8$STANDARDLIB$PRES8$EABIv2 0x00000000   Number         0  anon$$obj.o ABSOLUTE
    __Vectors                                0x00000000   Data           0  prg4.o(RESET)
    Reset_Handler                            0x00000009   Thumb Code     0  prg4.o(mycode)



==============================================================================

Memory Map of the image

  Image Entry point : 0x00000009

  Load Region LR_1 (Base: 0x00000000, Size: 0x000000dc, Max: 0xffffffff, ABSOLUTE)

    Execution Region ER_RO (Base: 0x00000000, Size: 0x000000cc, Max: 0xffffffff, ABSOLUTE)

    Base Addr    Size         Type   Attr      Idx    E Section Name        Object

    0x00000000   0x00000008   Data   RO            1    RESET               prg4.o
    0x00000008   0x000000c4   Code   RO            2  * mycode              prg4.o


    Execution Region ER_RW (Base: 0x10000000, Size: 0x00000010, Max: 0xffffffff, ABSOLUTE)

    Base Addr    Size         Type   Attr      Idx    E Section Name        Object

    0x10000000   0x00000010   Data   RW            3    mydata              prg4.o


    Execution Region ER_ZI (Base: 0x10000010, Size: 0x00000000, Max: 0xffffffff, ABSOLUTE)

    **** No section assigned to this execution region ****


==============================================================================

Image component sizes


      Code (inc. data)   RO Data    RW Data    ZI Data      Debug   Object Name

       196         42          8         16          0        220   prg4.o

    ----------------------------------------------------------------------
       196         42          8         16          0        220   Object Totals
         0          0          0          0          0          0   (incl. Generated)
         0          0          0          0          0          0   (incl. Padding)

    ----------------------------------------------------------------------
         0          0          0          0          0          0   Library Totals
         0          0          0          0          0          0   (incl. Padding)

    ----------------------------------------------------------------------

==============================================================================


      Code (inc. data)   RO Data    RW Data    ZI Data      Debug   

       196         42          8         16          0        220   Grand Totals
       196         42          8         16          0        220   ELF Image Totals
       196         42          8         16          0          0   ROM Totals

==============================================================================

    Total RO  Size (Code + RO Data)                  204 (   0.20kB)
    Total RW  Size (RW Data + ZI Data)                16 (   0.02kB)
    Total ROM Size (Code + RO Data + RW Data)        220 (   0.21kB)

==============================================================================

