


ARM Macro Assembler    Page 1 


    1 00000000                 AREA             RESET,DATA,READONLY
    2 00000000                 EXPORT           __Vectors
    3 00000000         __Vectors
    4 00000000 10001000        DCD              0x10001000
    5 00000004 00000000        DCD              Reset_Handler
    6 00000008                 ALIGN
    7 00000008                 AREA             mycode,CODE,READONLY
    8 00000000                 ENTRY
    9 00000000                 EXPORT           Reset_Handler
   10 00000000         Reset_Handler
   11 00000000 4D06            LDR              R5,=RESULT
   12 00000002 4807            LDR              R0,=NUM1
   13 00000004 4907            LDR              R1,=NUM2
   14 00000006 6802            LDR              R2,[R0]
   15 00000008 680B            LDR              R3,[R1]
   16 0000000A FB02 F403       MUL              R4,R2,R3
   17 0000000E 602C            STR              R4,[R5]
   18 00000010         STOP
   19 00000010 E7FE            B                STOP
   20 00000012 00 00           ALIGN
   21 00000014 00000002 
                       NUM1    DCD              2
   22 00000018 00000003 
                       NUM2    DCD              3
   23 0000001C 00000000 
              00000000 
              00000000         AREA             mydata,DATA,READWRITE
   24 00000000 00000000 
                       RESULT  DCD              0
   25 00000004                 END
Command Line: --debug --xref --cpu=Cortex-M3 --apcs=interwork --depend=.\sample
1mulinstruction.d -o.\sample1mulinstruction.o -IC:\Keil\ARM\RV31\INC -IC:\Keil\
ARM\CMSIS\Include -IC:\Keil\ARM\Inc\NXP\LPC17xx --predefine="__EVAL SETA 1" --l
ist=.\sample1mulinstruction.lst sample1MULinstruction.s



ARM Macro Assembler    Page 1 Alphabetic symbol ordering
Relocatable symbols

RESET 00000000

Symbol: RESET
   Definitions
      At line 1 in file sample1MULinstruction.s
   Uses
      None
Comment: RESET unused
__Vectors 00000000

Symbol: __Vectors
   Definitions
      At line 3 in file sample1MULinstruction.s
   Uses
      At line 2 in file sample1MULinstruction.s
Comment: __Vectors used once
2 symbols



ARM Macro Assembler    Page 1 Alphabetic symbol ordering
Relocatable symbols

NUM1 00000014

Symbol: NUM1
   Definitions
      At line 21 in file sample1MULinstruction.s
   Uses
      At line 12 in file sample1MULinstruction.s
Comment: NUM1 used once
NUM2 00000018

Symbol: NUM2
   Definitions
      At line 22 in file sample1MULinstruction.s
   Uses
      At line 13 in file sample1MULinstruction.s
Comment: NUM2 used once
Reset_Handler 00000000

Symbol: Reset_Handler
   Definitions
      At line 10 in file sample1MULinstruction.s
   Uses
      At line 5 in file sample1MULinstruction.s
      At line 9 in file sample1MULinstruction.s

STOP 00000010

Symbol: STOP
   Definitions
      At line 18 in file sample1MULinstruction.s
   Uses
      At line 19 in file sample1MULinstruction.s
Comment: STOP used once
mycode 00000000

Symbol: mycode
   Definitions
      At line 7 in file sample1MULinstruction.s
   Uses
      None
Comment: mycode unused
5 symbols



ARM Macro Assembler    Page 1 Alphabetic symbol ordering
Relocatable symbols

RESULT 00000000

Symbol: RESULT
   Definitions
      At line 24 in file sample1MULinstruction.s
   Uses
      At line 11 in file sample1MULinstruction.s
Comment: RESULT used once
mydata 00000000

Symbol: mydata
   Definitions
      At line 23 in file sample1MULinstruction.s
   Uses
      None
Comment: mydata unused
2 symbols
342 symbols in table
