


ARM Macro Assembler    Page 1 


    1 00000000                 AREA             RESET,DATA,READONLY
    2 00000000                 EXPORT           __Vectors
    3 00000000         __Vectors
    4 00000000 10001000        DCD              0x10001000
    5 00000004 00000000        DCD              Reset_Handler
    6 00000008                 AREA             mycode,CODE,READONLY
    7 00000000                 ENTRY
    8 00000000                 EXPORT           Reset_Handler
    9 00000000         Reset_Handler
   10 00000000 4905            LDR              R1,=VAL1
   11 00000002 4A06            LDR              R2,=VAL2
   12 00000004 FBA2 3401       UMULL            R3,R4,R2,R1
   13 00000008 4A05            LDR              R2,=RESULT
   14 0000000A 6014            STR              R4,[R2]
   15 0000000C         STOP
   16 0000000C E7FE            B                STOP
   17 0000000E         
   18 0000000E 00 00 000FFFFF 
                       VAL1    DCD              0xFFFFF
   19 00000014 00001FFF 
                       VAL2    DCD              0x1FFF
   20 00000018 00000000 
              00000000 
              00000000         AREA             mydata,DATA,READWRITE
   21 00000000 00000000 
                       RESULT  DCD              0
   22 00000004                 END
Command Line: --debug --xref --cpu=Cortex-M3 --apcs=interwork --depend=.\firste
.d -o.\firste.o -IC:\Keil\ARM\RV31\INC -IC:\Keil\ARM\CMSIS\Include -IC:\Keil\AR
M\Inc\NXP\LPC17xx --predefine="__EVAL SETA 1" --list=.\firste.lst firste.s



ARM Macro Assembler    Page 1 Alphabetic symbol ordering
Relocatable symbols

RESET 00000000

Symbol: RESET
   Definitions
      At line 1 in file firste.s
   Uses
      None
Comment: RESET unused
__Vectors 00000000

Symbol: __Vectors
   Definitions
      At line 3 in file firste.s
   Uses
      At line 2 in file firste.s
Comment: __Vectors used once
2 symbols



ARM Macro Assembler    Page 1 Alphabetic symbol ordering
Relocatable symbols

Reset_Handler 00000000

Symbol: Reset_Handler
   Definitions
      At line 9 in file firste.s
   Uses
      At line 5 in file firste.s
      At line 8 in file firste.s

STOP 0000000C

Symbol: STOP
   Definitions
      At line 15 in file firste.s
   Uses
      At line 16 in file firste.s
Comment: STOP used once
VAL1 00000010

Symbol: VAL1
   Definitions
      At line 18 in file firste.s
   Uses
      At line 10 in file firste.s
Comment: VAL1 used once
VAL2 00000014

Symbol: VAL2
   Definitions
      At line 19 in file firste.s
   Uses
      At line 11 in file firste.s
Comment: VAL2 used once
mycode 00000000

Symbol: mycode
   Definitions
      At line 6 in file firste.s
   Uses
      None
Comment: mycode unused
5 symbols



ARM Macro Assembler    Page 1 Alphabetic symbol ordering
Relocatable symbols

RESULT 00000000

Symbol: RESULT
   Definitions
      At line 21 in file firste.s
   Uses
      At line 13 in file firste.s
Comment: RESULT used once
mydata 00000000

Symbol: mydata
   Definitions
      At line 20 in file firste.s
   Uses
      None
Comment: mydata unused
2 symbols
342 symbols in table
