


ARM Macro Assembler    Page 1 


    1 00000000                 AREA             RESET,DATA,READONLY
    2 00000000                 EXPORT           __Vectors
    3 00000000         __Vectors
    4 00000000 40001000        DCD              0X40001000
    5 00000004 00000000        DCD              Reset_Handler
    6 00000008                 ALIGN
    7 00000008                 AREA             mycode,CODE,READONLY
    8 00000000                 ENTRY
    9 00000000                 EXPORT           Reset_Handler
   10 00000000         Reset_Handler
   11 00000000 480B            LDR              R0,=NUM
   12 00000002 4B0C            LDR              R3,=RESULT
   13 00000004 7801            LDRB             R1,[R0]
   14 00000006 F001 020F       AND              R2,R1,#0X0F
   15 0000000A 2A09            CMP              R2,#09
   16 0000000C D901            BLS              DOWN
   17 0000000E F102 0207       ADD              R2,#07
   18 00000012         DOWN
   19 00000012 F102 0230       ADD              R2,#0X30
   20 00000016 701A            STRB             R2,[R3]
   21 00000018 F001 04F0       AND              R4,R1,#0XF0
   22 0000001C EA4F 1414       MOV              R4,R4,LSR#04
   23 00000020 2C09            CMP              R4,#09
   24 00000022 F103 0307       ADD              R3,#07
   25 00000026         DOWN1
   26 00000026 F104 0430       ADD              R4,#0X30
   27 0000002A 705C            STRB             R4,[R3,#01]
   28 0000002C 0000003A 
                       NUM     DCD              0X0000003A
   29 00000030 00000000 
              00000000         AREA             data,DATA,READWRITE
   30 00000000 00000000 
                       RESULT  DCD              0
   31 00000004                 END
Command Line: --debug --xref --cpu=Cortex-M3 --apcs=interwork --depend=.\labman
.d -o.\labman.o -IC:\Keil\ARM\RV31\INC -IC:\Keil\ARM\CMSIS\Include -IC:\Keil\AR
M\Inc\NXP\LPC17xx --predefine="__EVAL SETA 1" --list=.\labman.lst LABMAN.S



ARM Macro Assembler    Page 1 Alphabetic symbol ordering
Relocatable symbols

RESET 00000000

Symbol: RESET
   Definitions
      At line 1 in file LABMAN.S
   Uses
      None
Comment: RESET unused
__Vectors 00000000

Symbol: __Vectors
   Definitions
      At line 3 in file LABMAN.S
   Uses
      At line 2 in file LABMAN.S
Comment: __Vectors used once
2 symbols



ARM Macro Assembler    Page 1 Alphabetic symbol ordering
Relocatable symbols

DOWN 00000012

Symbol: DOWN
   Definitions
      At line 18 in file LABMAN.S
   Uses
      At line 16 in file LABMAN.S
Comment: DOWN used once
DOWN1 00000026

Symbol: DOWN1
   Definitions
      At line 25 in file LABMAN.S
   Uses
      None
Comment: DOWN1 unused
NUM 0000002C

Symbol: NUM
   Definitions
      At line 28 in file LABMAN.S
   Uses
      At line 11 in file LABMAN.S
Comment: NUM used once
Reset_Handler 00000000

Symbol: Reset_Handler
   Definitions
      At line 10 in file LABMAN.S
   Uses
      At line 5 in file LABMAN.S
      At line 9 in file LABMAN.S

mycode 00000000

Symbol: mycode
   Definitions
      At line 7 in file LABMAN.S
   Uses
      None
Comment: mycode unused
5 symbols



ARM Macro Assembler    Page 1 Alphabetic symbol ordering
Relocatable symbols

RESULT 00000000

Symbol: RESULT
   Definitions
      At line 30 in file LABMAN.S
   Uses
      At line 12 in file LABMAN.S
Comment: RESULT used once
data 00000000

Symbol: data
   Definitions
      At line 29 in file LABMAN.S
   Uses
      None
Comment: data unused
2 symbols
342 symbols in table
