


ARM Macro Assembler    Page 1 


    1 00000000         
    2 00000000                 AREA             RESET,DATA,READONLY
    3 00000000                 EXPORT           __Vectors
    4 00000000         __Vectors
    5 00000000 10001000        DCD              0X10001000
    6 00000004 00000000        DCD              Reset_Handler
    7 00000008                 ALIGN
    8 00000008                 AREA             mycode,CODE,READONLY
    9 00000000                 ENTRY
   10 00000000                 EXPORT           Reset_Handler
   11 00000000         Reset_Handler
   12 00000000 4805            LDR              R0,=VAL1
   13 00000002 6801            LDR              R1,[R0]
   14 00000004 FB01 1301       MLA              R3,R1,R1,R1
   15 00000008 EA4F 0353       LSR              R3,#1
   16 0000000C 4C03            LDR              R4,=RESULT
   17 0000000E 6023            STR              R3,[R4]
   18 00000010         STOP
   19 00000010 E7FE            B                STOP
   20 00000012 00 00 00000003 
                       VAL1    DCD              0x00000003
   21 00000018 00000000 
              00000000         AREA             mydata,DATA,READWRITE
   22 00000000 00000000 
                       RESULT  DCD              0
   23 00000004                 END
Command Line: --debug --xref --cpu=Cortex-M3 --apcs=interwork --depend=.\sumn.d
 -o.\sumn.o -IC:\Keil\ARM\RV31\INC -IC:\Keil\ARM\CMSIS\Include -IC:\Keil\ARM\In
c\NXP\LPC17xx --predefine="__EVAL SETA 1" --list=.\sumn.lst sumn.s



ARM Macro Assembler    Page 1 Alphabetic symbol ordering
Relocatable symbols

RESET 00000000

Symbol: RESET
   Definitions
      At line 2 in file sumn.s
   Uses
      None
Comment: RESET unused
__Vectors 00000000

Symbol: __Vectors
   Definitions
      At line 4 in file sumn.s
   Uses
      At line 3 in file sumn.s
Comment: __Vectors used once
2 symbols



ARM Macro Assembler    Page 1 Alphabetic symbol ordering
Relocatable symbols

Reset_Handler 00000000

Symbol: Reset_Handler
   Definitions
      At line 11 in file sumn.s
   Uses
      At line 6 in file sumn.s
      At line 10 in file sumn.s

STOP 00000010

Symbol: STOP
   Definitions
      At line 18 in file sumn.s
   Uses
      At line 19 in file sumn.s
Comment: STOP used once
VAL1 00000014

Symbol: VAL1
   Definitions
      At line 20 in file sumn.s
   Uses
      At line 12 in file sumn.s
Comment: VAL1 used once
mycode 00000000

Symbol: mycode
   Definitions
      At line 8 in file sumn.s
   Uses
      None
Comment: mycode unused
4 symbols



ARM Macro Assembler    Page 1 Alphabetic symbol ordering
Relocatable symbols

RESULT 00000000

Symbol: RESULT
   Definitions
      At line 22 in file sumn.s
   Uses
      At line 16 in file sumn.s
Comment: RESULT used once
mydata 00000000

Symbol: mydata
   Definitions
      At line 21 in file sumn.s
   Uses
      None
Comment: mydata unused
2 symbols
341 symbols in table
