


ARM Macro Assembler    Page 1 


    1 00000000                 AREA             RESET, DATA, READONLY
    2 00000000                 EXPORT           __Vectors6
    3 00000000         __Vectors6
    4 00000000 10001000        DCD              0x10001000
    5 00000004 00000000        DCD              Reset_Handler6
    6 00000008         
    7 00000008                 AREA             mycode, CODE, READONLY
    8 00000000                 ENTRY
    9 00000000                 EXPORT           Reset_Handler6
   10 00000000         Reset_Handler6
   11 00000000 F8DF 8030       LDR              R8,=DST
   12 00000004 F8DF A030       LDR              R10,=NUM
   13 00000008 F8DA 0000       LDR              R0, [R10]
   14 0000000C F04F 0401       MOV              R4, #1
   15 00000010 F04F 0600       MOV              R6, #0
   16 00000014 F04F 070A       MOV              R7, #0X0A
   17 00000018 F000 010F 
                       UP2     AND              R1, R0, #0X0F
   18 0000001C FB04 6601       MLA              R6, R4, R1, R6
   19 00000020 FB04 F407       MUL              R4, R4, R7
   20 00000024 0900            MOVS             R0, R0, LSR #4
   21 00000026 D1F7            BNE              UP2
   22 00000028 F8C8 6000       STR              R6, [R8]
   23 0000002C         STOP
   24 0000002C E7FE            B                STOP
   25 0000002E 00 00 00001299 
                       NUM     DCD              0X1299
   26 00000034 00000000 
              00000000         AREA             mydata, DATA, READWRITE
   27 00000000 00000000 
                       DST     DCD              0
   28 00000004                 END
Command Line: --debug --xref --cpu=Cortex-M3 --apcs=interwork --depend=.\packbc
dtohex.d -o.\packbcdtohex.o -IC:\Keil\ARM\RV31\INC -IC:\Keil\ARM\CMSIS\Include 
-IC:\Keil\ARM\Inc\NXP\LPC17xx --predefine="__EVAL SETA 1" --list=.\packbcdtohex
.lst packBcdToHex.s



ARM Macro Assembler    Page 1 Alphabetic symbol ordering
Relocatable symbols

RESET 00000000

Symbol: RESET
   Definitions
      At line 1 in file packBcdToHex.s
   Uses
      None
Comment: RESET unused
__Vectors6 00000000

Symbol: __Vectors6
   Definitions
      At line 3 in file packBcdToHex.s
   Uses
      At line 2 in file packBcdToHex.s
Comment: __Vectors6 used once
2 symbols



ARM Macro Assembler    Page 1 Alphabetic symbol ordering
Relocatable symbols

NUM 00000030

Symbol: NUM
   Definitions
      At line 25 in file packBcdToHex.s
   Uses
      At line 12 in file packBcdToHex.s
Comment: NUM used once
Reset_Handler6 00000000

Symbol: Reset_Handler6
   Definitions
      At line 10 in file packBcdToHex.s
   Uses
      At line 5 in file packBcdToHex.s
      At line 9 in file packBcdToHex.s

STOP 0000002C

Symbol: STOP
   Definitions
      At line 23 in file packBcdToHex.s
   Uses
      At line 24 in file packBcdToHex.s
Comment: STOP used once
UP2 00000018

Symbol: UP2
   Definitions
      At line 17 in file packBcdToHex.s
   Uses
      At line 21 in file packBcdToHex.s
Comment: UP2 used once
mycode 00000000

Symbol: mycode
   Definitions
      At line 7 in file packBcdToHex.s
   Uses
      None
Comment: mycode unused
5 symbols



ARM Macro Assembler    Page 1 Alphabetic symbol ordering
Relocatable symbols

DST 00000000

Symbol: DST
   Definitions
      At line 27 in file packBcdToHex.s
   Uses
      At line 11 in file packBcdToHex.s
Comment: DST used once
mydata 00000000

Symbol: mydata
   Definitions
      At line 26 in file packBcdToHex.s
   Uses
      None
Comment: mydata unused
2 symbols
342 symbols in table
