


ARM Macro Assembler    Page 1 


    1 00000000                 AREA             RESET , DATA, READONLY
    2 00000000                 EXPORT           __Vectors
    3 00000000         __Vectors
    4 00000000 10000000        DCD              0X10000000
    5 00000004 00000000        DCD              Reset_Handler
    6 00000008                 AREA             MYCODE, CODE, READONLY
    7 00000000                 ENTRY
    8 00000000                 EXPORT           Reset_Handler
    9 00000000         Reset_Handler
   10 00000000 F04F 020A       MOV              R2,#0XA
   11 00000004 480A            LDR              R0,=SRC
   12 00000006 F64A 31CD       MOV              R1,#0XABCD
   13 0000000A         GEN
   14 0000000A F840 1B04       STR              R1,[R0],#4
   15 0000000E F101 01AB       ADD              R1,#0XAB
   16 00000012 3A01            SUBS             R2,#1
   17 00000014 D1F9            BNE              GEN
   18 00000016 4806            LDR              R0,=SRC
   19 00000018 F04F 020A       MOV              R2,#0XA
   20 0000001C F04F 2110       LDR              R1,=0X10001000
   21 00000020         LOOP
   22 00000020 6803            LDR              R3,[R0]
   23 00000022 F841 3B04       STR              R3,[R1],#4
   24 00000026 F100 0004       ADD              R0,#4
   25 0000002A 3A01            SUBS             R2,#1
   26 0000002C D1F8            BNE              LOOP
   27 0000002E         STOP
   28 0000002E E7FE            B                STOP
   29 00000030 00000000 
              00000000         AREA             MYDATA, DATA, READWRITE
   30 00000000 10000000 
                       SRC     DCD              0X10000000
   31 00000004 00000000 
                       DST     DCD              0
   32 00000008                 END
Command Line: --debug --xref --cpu=Cortex-M3 --apcs=interwork --depend=.\prg1_2
a.d -o.\prg1_2a.o -IC:\Keil\ARM\RV31\INC -IC:\Keil\ARM\CMSIS\Include -IC:\Keil\
ARM\Inc\NXP\LPC17xx --predefine="__EVAL SETA 1" --list=.\prg1_2a.lst prg1_2a.s



ARM Macro Assembler    Page 1 Alphabetic symbol ordering
Relocatable symbols

RESET 00000000

Symbol: RESET
   Definitions
      At line 1 in file prg1_2a.s
   Uses
      None
Comment: RESET unused
__Vectors 00000000

Symbol: __Vectors
   Definitions
      At line 3 in file prg1_2a.s
   Uses
      At line 2 in file prg1_2a.s
Comment: __Vectors used once
2 symbols



ARM Macro Assembler    Page 1 Alphabetic symbol ordering
Relocatable symbols

GEN 0000000A

Symbol: GEN
   Definitions
      At line 13 in file prg1_2a.s
   Uses
      At line 17 in file prg1_2a.s
Comment: GEN used once
LOOP 00000020

Symbol: LOOP
   Definitions
      At line 21 in file prg1_2a.s
   Uses
      At line 26 in file prg1_2a.s
Comment: LOOP used once
MYCODE 00000000

Symbol: MYCODE
   Definitions
      At line 6 in file prg1_2a.s
   Uses
      None
Comment: MYCODE unused
Reset_Handler 00000000

Symbol: Reset_Handler
   Definitions
      At line 9 in file prg1_2a.s
   Uses
      At line 5 in file prg1_2a.s
      At line 8 in file prg1_2a.s

STOP 0000002E

Symbol: STOP
   Definitions
      At line 27 in file prg1_2a.s
   Uses
      At line 28 in file prg1_2a.s
Comment: STOP used once
5 symbols



ARM Macro Assembler    Page 1 Alphabetic symbol ordering
Relocatable symbols

DST 00000004

Symbol: DST
   Definitions
      At line 31 in file prg1_2a.s
   Uses
      None
Comment: DST unused
MYDATA 00000000

Symbol: MYDATA
   Definitions
      At line 29 in file prg1_2a.s
   Uses
      None
Comment: MYDATA unused
SRC 00000000

Symbol: SRC
   Definitions
      At line 30 in file prg1_2a.s
   Uses
      At line 11 in file prg1_2a.s
      At line 18 in file prg1_2a.s

3 symbols
343 symbols in table
