


ARM Macro Assembler    Page 1 


    1 00000000                 AREA             RESET , DATA, READONLY
    2 00000000                 EXPORT           __Vectors
    3 00000000         __Vectors
    4 00000000 10000000        DCD              0X10000000
    5 00000004 00000000        DCD              Reset_Handler
    6 00000008                 AREA             MYCODE, CODE, READONLY
    7 00000000                 ENTRY
    8 00000000                 EXPORT           Reset_Handler
    9 00000000         Reset_Handler
   10 00000000 4805            LDR              R0,=N1
   11 00000002 4906            LDR              R1,=N2
   12 00000004 4C06            LDR              R4,=DST
   13 00000006 6805            LDR              R5,[R0]
   14 00000008 680E            LDR              R6,[R1]
   15 0000000A 1BAB            SUBS             R3,R5,R6
   16 0000000C 6023            STR              R3,[R4]
   17 0000000E         STOP
   18 0000000E E7FE            B                STOP
   19 00000010 00000002 
                       N2      DCD              2
   20 00000014 0000003B 
                       N1      DCD              59
   21 00000018 00000000 
              00000000 
              00000000         AREA             MYDATA, DATA, READWRITE
   22 00000000 00000000 
                       DST     DCD              0
   23 00000004                 END
Command Line: --debug --xref --cpu=Cortex-M3 --apcs=interwork --depend=.\prg2_3
.d -o.\prg2_3.o -IC:\Keil\ARM\RV31\INC -IC:\Keil\ARM\CMSIS\Include -IC:\Keil\AR
M\Inc\NXP\LPC17xx --predefine="__EVAL SETA 1" --list=.\prg2_3.lst prg2_3.S



ARM Macro Assembler    Page 1 Alphabetic symbol ordering
Relocatable symbols

RESET 00000000

Symbol: RESET
   Definitions
      At line 1 in file prg2_3.S
   Uses
      None
Comment: RESET unused
__Vectors 00000000

Symbol: __Vectors
   Definitions
      At line 3 in file prg2_3.S
   Uses
      At line 2 in file prg2_3.S
Comment: __Vectors used once
2 symbols



ARM Macro Assembler    Page 1 Alphabetic symbol ordering
Relocatable symbols

MYCODE 00000000

Symbol: MYCODE
   Definitions
      At line 6 in file prg2_3.S
   Uses
      None
Comment: MYCODE unused
N1 00000014

Symbol: N1
   Definitions
      At line 20 in file prg2_3.S
   Uses
      At line 10 in file prg2_3.S
Comment: N1 used once
N2 00000010

Symbol: N2
   Definitions
      At line 19 in file prg2_3.S
   Uses
      At line 11 in file prg2_3.S
Comment: N2 used once
Reset_Handler 00000000

Symbol: Reset_Handler
   Definitions
      At line 9 in file prg2_3.S
   Uses
      At line 5 in file prg2_3.S
      At line 8 in file prg2_3.S

STOP 0000000E

Symbol: STOP
   Definitions
      At line 17 in file prg2_3.S
   Uses
      At line 18 in file prg2_3.S
Comment: STOP used once
5 symbols



ARM Macro Assembler    Page 1 Alphabetic symbol ordering
Relocatable symbols

DST 00000000

Symbol: DST
   Definitions
      At line 22 in file prg2_3.S
   Uses
      At line 12 in file prg2_3.S
Comment: DST used once
MYDATA 00000000

Symbol: MYDATA
   Definitions
      At line 21 in file prg2_3.S
   Uses
      None
Comment: MYDATA unused
2 symbols
342 symbols in table
