


ARM Macro Assembler    Page 1 


    1 00000000                 AREA             RESET,DATA,READONLY
    2 00000000                 EXPORT           __Vectors
    3 00000000         __Vectors
    4 00000000 10001000        DCD              0X10001000
    5 00000004 00000000        DCD              Reset_Handler
    6 00000008                 AREA             mycode,CODE,READONLY
    7 00000000                 ENTRY
    8 00000000                 EXPORT           Reset_Handler
    9 00000000         Reset_Handler
   10 00000000 4E0D            LDR              R6,=RESULT
   11 00000002 F04F 0200       MOV              R2,#00
   12 00000006 480D            LDR              R0,=VAL1
   13 00000008 6801            LDR              R1,[R0]
   14 0000000A         UP
   15 0000000A 290A            CMP              R1,#0x0A
   16 0000000C D304            BCC              STORE
   17 0000000E F1A1 010A       SUB              R1,#0x0A
   18 00000012 F102 0201       ADD              R2,#0x01
   19 00000016 E7F8            B                UP
   20 00000018         STORE
   21 00000018 F101 0130       ADD              R1,#0x30
   22 0000001C F806 1B01       STRB             R1,[R6],#1
   23 00000020 4611            MOV              R1,R2
   24 00000022 F04F 0200       MOV              R2,#0
   25 00000026 290A            CMP              R1,#0x0A
   26 00000028 D2EF            BCS              UP
   27 0000002A F101 0130       ADD              R1,#0x30
   28 0000002E 7031            STRB             R1,[R6]
   29 00000030         STOP
   30 00000030 E7FE            B                STOP
   31 00000032 00 00 00000123 
                       VAL1    DCD              0X123
   32 00000038 00000000 
              00000000         AREA             MYDATA, DATA, READWRITE
   33 00000000 00000000 
                       RESULT  DCD              0
   34 00000004                 END
Command Line: --debug --xref --cpu=Cortex-M3 --apcs=interwork --depend=.\prg3_5
.d -o.\prg3_5.o -IC:\Keil\ARM\RV31\INC -IC:\Keil\ARM\CMSIS\Include -IC:\Keil\AR
M\Inc\NXP\LPC17xx --predefine="__EVAL SETA 1" --list=.\prg3_5.lst prg3_5.s



ARM Macro Assembler    Page 1 Alphabetic symbol ordering
Relocatable symbols

RESET 00000000

Symbol: RESET
   Definitions
      At line 1 in file prg3_5.s
   Uses
      None
Comment: RESET unused
__Vectors 00000000

Symbol: __Vectors
   Definitions
      At line 3 in file prg3_5.s
   Uses
      At line 2 in file prg3_5.s
Comment: __Vectors used once
2 symbols



ARM Macro Assembler    Page 1 Alphabetic symbol ordering
Relocatable symbols

Reset_Handler 00000000

Symbol: Reset_Handler
   Definitions
      At line 9 in file prg3_5.s
   Uses
      At line 5 in file prg3_5.s
      At line 8 in file prg3_5.s

STOP 00000030

Symbol: STOP
   Definitions
      At line 29 in file prg3_5.s
   Uses
      At line 30 in file prg3_5.s
Comment: STOP used once
STORE 00000018

Symbol: STORE
   Definitions
      At line 20 in file prg3_5.s
   Uses
      At line 16 in file prg3_5.s
Comment: STORE used once
UP 0000000A

Symbol: UP
   Definitions
      At line 14 in file prg3_5.s
   Uses
      At line 19 in file prg3_5.s
      At line 26 in file prg3_5.s

VAL1 00000034

Symbol: VAL1
   Definitions
      At line 31 in file prg3_5.s
   Uses
      At line 12 in file prg3_5.s
Comment: VAL1 used once
mycode 00000000

Symbol: mycode
   Definitions
      At line 6 in file prg3_5.s
   Uses
      None
Comment: mycode unused
6 symbols



ARM Macro Assembler    Page 1 Alphabetic symbol ordering
Relocatable symbols

MYDATA 00000000

Symbol: MYDATA
   Definitions
      At line 32 in file prg3_5.s
   Uses
      None
Comment: MYDATA unused
RESULT 00000000

Symbol: RESULT
   Definitions
      At line 33 in file prg3_5.s
   Uses
      At line 10 in file prg3_5.s
Comment: RESULT used once
2 symbols
343 symbols in table
