ARM Linker, 5.03 [Build 76] [MDK-ARM Lite]

==============================================================================

Section Cross References

    gcd.o(RESET) refers to gcd.o(MYCODE) for Reset_Handler
    gcd.o(MYCODE) refers to gcd.o(MYDATA) for GCD


==============================================================================

Image Symbol Table

    Local Symbols

    Symbol Name                              Value     Ov Type        Size  Object(Section)

    RESET                                    0x00000000   Section        8  gcd.o(RESET)
    D:\c55\GCD.s                             0x00000000   Number         0  gcd.o ABSOLUTE
    MYCODE                                   0x00000008   Section       60  gcd.o(MYCODE)
    N1                                       0x0000002c   Data           4  gcd.o(MYCODE)
    N2                                       0x00000030   Data           4  gcd.o(MYCODE)
    MYDATA                                   0x10000000   Section        8  gcd.o(MYDATA)
    GCD                                      0x10000000   Data           4  gcd.o(MYDATA)
    LCM                                      0x10000004   Data           4  gcd.o(MYDATA)

    Global Symbols

    Symbol Name                              Value     Ov Type        Size  Object(Section)

    BuildAttributes$$THM_ISAv4$P$D$K$B$S$PE$A:L22UL41UL21$X:L11$S22US41US21$IEEE1$IW$USESV6$~STKCKD$USESV7$~SHL$OSPACE$EBA8$STANDARDLIB$PRES8$EABIv2 0x00000000   Number         0  anon$$obj.o ABSOLUTE
    __Vectors                                0x00000000   Data           0  gcd.o(RESET)
    Reset_Handler                            0x00000009   Thumb Code     0  gcd.o(MYCODE)



==============================================================================

Memory Map of the image

  Image Entry point : 0x00000009

  Load Region LR_1 (Base: 0x00000000, Size: 0x0000004c, Max: 0xffffffff, ABSOLUTE)

    Execution Region ER_RO (Base: 0x00000000, Size: 0x00000044, Max: 0xffffffff, ABSOLUTE)

    Base Addr    Size         Type   Attr      Idx    E Section Name        Object

    0x00000000   0x00000008   Data   RO            1    RESET               gcd.o
    0x00000008   0x0000003c   Code   RO            2  * MYCODE              gcd.o


    Execution Region ER_RW (Base: 0x10000000, Size: 0x00000008, Max: 0xffffffff, ABSOLUTE)

    Base Addr    Size         Type   Attr      Idx    E Section Name        Object

    0x10000000   0x00000008   Data   RW            3    MYDATA              gcd.o


    Execution Region ER_ZI (Base: 0x10000008, Size: 0x00000000, Max: 0xffffffff, ABSOLUTE)

    **** No section assigned to this execution region ****


==============================================================================

Image component sizes


      Code (inc. data)   RO Data    RW Data    ZI Data      Debug   Object Name

        60         26          8          8          0        188   gcd.o

    ----------------------------------------------------------------------
        60         26          8          8          0        188   Object Totals
         0          0          0          0          0          0   (incl. Generated)
         0          0          0          0          0          0   (incl. Padding)

    ----------------------------------------------------------------------
         0          0          0          0          0          0   Library Totals
         0          0          0          0          0          0   (incl. Padding)

    ----------------------------------------------------------------------

==============================================================================


      Code (inc. data)   RO Data    RW Data    ZI Data      Debug   

        60         26          8          8          0        188   Grand Totals
        60         26          8          8          0        188   ELF Image Totals
        60         26          8          8          0          0   ROM Totals

==============================================================================

    Total RO  Size (Code + RO Data)                   68 (   0.07kB)
    Total RW  Size (RW Data + ZI Data)                 8 (   0.01kB)
    Total ROM Size (Code + RO Data + RW Data)         76 (   0.07kB)

==============================================================================

