<html>
<body>
<pre>
<h1>µVision Build Log</h1>
<h2>Project:</h2>
D:\180905188\ES LAB\WEEK 6\ESLABWEEK6.uvproj
Project File Date:  02/25/2020

<h2>Output:</h2>
Build target 'Target 1'
linking...
Program Size: Code=1308 RO-data=276 RW-data=8 ZI-data=608  
".\ESLABWEEK6.axf" - 0 Error(s), 0 Warning(s).
1)
prog4.c(27): warning:  #1-D: last line of file ends without a newline
  }
prog4.c(7): warning:  #177-D: variable "LED" was declared but never referenced
      unsigned long LED = 0x00000000;
prog4.c: 3 warnings, 0 errors
linking...
Program Size: Code=1308 RO-data=276 RW-data=8 ZI-data=608  
".\ESLABWEEK6.axf" - 0 Error(s), 3 Warning(s).
am Size: Code=1244 RO-data=236 RW-data=8 ZI-data=608  
".\ESLABWEEK6.axf" - 0 Error(s), 4 Warning(s).
